Cache sync 1 at Sun Apr 26 12:36:32 UTC 2026
Cache sync 2 at Sun Apr 26 12:36:32 UTC 2026
Cache sync 3 at Sun Apr 26 12:36:32 UTC 2026
Cache sync 4 at Sun Apr 26 12:36:32 UTC 2026
Cache sync 5 at Sun Apr 26 12:36:32 UTC 2026
Cache sync 6 at Sun Apr 26 12:36:32 UTC 2026
Cache sync 7 at Sun Apr 26 12:36:32 UTC 2026
Cache sync 8 at Sun Apr 26 12:36:32 UTC 2026
Cache sync 9 at Sun Apr 26 12:36:32 UTC 2026
Cache sync 10 at Sun Apr 26 12:36:32 UTC 2026
Cache sync 11 at Sun Apr 26 12:36:32 UTC 2026
Cache sync 12 at Sun Apr 26 12:36:32 UTC 2026
Cache sync 13 at Sun Apr 26 12:36:32 UTC 2026
Cache sync 14 at Sun Apr 26 12:36:32 UTC 2026
Cache sync 15 at Sun Apr 26 12:36:32 UTC 2026
Cache sync 16 at Sun Apr 26 12:36:32 UTC 2026
Cache sync 17 at Sun Apr 26 12:36:32 UTC 2026
Cache sync 18 at Sun Apr 26 12:36:32 UTC 2026
Cache sync 19 at Sun Apr 26 12:36:32 UTC 2026
Cache sync 20 at Sun Apr 26 12:36:32 UTC 2026
Cache sync 21 at Sun Apr 26 12:36:32 UTC 2026
Cache sync 22 at Sun Apr 26 12:36:32 UTC 2026
Cache sync 23 at Sun Apr 26 12:36:32 UTC 2026
Cache sync 24 at Sun Apr 26 12:36:32 UTC 2026
Cache sync 25 at Sun Apr 26 12:36:32 UTC 2026
Cache sync 26 at Sun Apr 26 12:36:32 UTC 2026
Cache sync 27 at Sun Apr 26 12:36:32 UTC 2026
Cache sync 28 at Sun Apr 26 12:36:32 UTC 2026
Cache sync 29 at Sun Apr 26 12:36:32 UTC 2026
Cache sync 30 at Sun Apr 26 12:36:32 UTC 2026
Cache sync 31 at Sun Apr 26 12:36:32 UTC 2026
Cache sync 32 at Sun Apr 26 12:36:32 UTC 2026
Cache sync 33 at Sun Apr 26 12:36:32 UTC 2026
Cache sync 34 at Sun Apr 26 12:36:32 UTC 2026
Cache sync 35 at Sun Apr 26 12:36:32 UTC 2026
Cache sync 36 at Sun Apr 26 12:36:32 UTC 2026
Cache sync 37 at Sun Apr 26 12:36:32 UTC 2026
Cache sync 38 at Sun Apr 26 12:36:32 UTC 2026
Cache sync 39 at Sun Apr 26 12:36:32 UTC 2026
Cache sync 40 at Sun Apr 26 12:36:32 UTC 2026
Cache sync 41 at Sun Apr 26 12:36:32 UTC 2026
Cache sync 42 at Sun Apr 26 12:36:32 UTC 2026
Cache sync 43 at Sun Apr 26 12:36:32 UTC 2026
Cache sync 44 at Sun Apr 26 12:36:32 UTC 2026
Cache sync 45 at Sun Apr 26 12:36:32 UTC 2026
Cache sync 46 at Sun Apr 26 12:36:32 UTC 2026
Cache sync 47 at Sun Apr 26 12:36:32 UTC 2026
Cache sync 48 at Sun Apr 26 12:36:32 UTC 2026
Cache sync 49 at Sun Apr 26 12:36:32 UTC 2026
Cache sync 50 at Sun Apr 26 12:36:32 UTC 2026
Cache sync 51 at Sun Apr 26 12:36:32 UTC 2026
Cache sync 52 at Sun Apr 26 12:36:32 UTC 2026
Cache sync 53 at Sun Apr 26 12:36:32 UTC 2026
Cache sync 54 at Sun Apr 26 12:36:32 UTC 2026
Cache sync 55 at Sun Apr 26 12:36:32 UTC 2026
Cache sync 56 at Sun Apr 26 12:36:32 UTC 2026
Cache sync 57 at Sun Apr 26 12:36:32 UTC 2026
Cache sync 58 at Sun Apr 26 12:36:32 UTC 2026
Cache sync 59 at Sun Apr 26 12:36:32 UTC 2026
Cache sync 60 at Sun Apr 26 12:36:32 UTC 2026
Cache sync 61 at Sun Apr 26 12:36:32 UTC 2026
Cache sync 62 at Sun Apr 26 12:36:32 UTC 2026
Cache sync 63 at Sun Apr 26 12:36:32 UTC 2026
Cache sync 64 at Sun Apr 26 12:36:32 UTC 2026
Cache sync 65 at Sun Apr 26 12:36:32 UTC 2026
Cache sync 66 at Sun Apr 26 12:36:32 UTC 2026
Cache sync 67 at Sun Apr 26 12:36:32 UTC 2026
Cache sync 68 at Sun Apr 26 12:36:32 UTC 2026
Cache sync 69 at Sun Apr 26 12:36:32 UTC 2026
Cache sync 70 at Sun Apr 26 12:36:32 UTC 2026
Cache sync 1 at Sun Apr 26 15:32:18 UTC 2026
Cache sync 2 at Sun Apr 26 15:32:18 UTC 2026
Cache sync 3 at Sun Apr 26 15:32:18 UTC 2026
Cache sync 4 at Sun Apr 26 15:32:18 UTC 2026
Cache sync 5 at Sun Apr 26 15:32:18 UTC 2026
Cache sync 6 at Sun Apr 26 15:32:18 UTC 2026
Cache sync 7 at Sun Apr 26 15:32:18 UTC 2026
Cache sync 8 at Sun Apr 26 15:32:18 UTC 2026
Cache sync 9 at Sun Apr 26 15:32:19 UTC 2026
Cache sync 10 at Sun Apr 26 15:32:19 UTC 2026
Cache sync 11 at Sun Apr 26 15:32:19 UTC 2026
Cache sync 12 at Sun Apr 26 15:32:19 UTC 2026
Cache sync 13 at Sun Apr 26 15:32:19 UTC 2026
Cache sync 14 at Sun Apr 26 15:32:19 UTC 2026
Cache sync 15 at Sun Apr 26 15:32:19 UTC 2026
Cache sync 16 at Sun Apr 26 15:32:19 UTC 2026
Cache sync 17 at Sun Apr 26 15:32:19 UTC 2026
Cache sync 18 at Sun Apr 26 15:32:19 UTC 2026
Cache sync 19 at Sun Apr 26 15:32:19 UTC 2026
Cache sync 20 at Sun Apr 26 15:32:19 UTC 2026
Cache sync 21 at Sun Apr 26 15:32:19 UTC 2026
Cache sync 22 at Sun Apr 26 15:32:19 UTC 2026
Cache sync 23 at Sun Apr 26 15:32:19 UTC 2026
Cache sync 24 at Sun Apr 26 15:32:19 UTC 2026
Cache sync 25 at Sun Apr 26 15:32:19 UTC 2026
Cache sync 26 at Sun Apr 26 15:32:19 UTC 2026
Cache sync 27 at Sun Apr 26 15:32:19 UTC 2026
Cache sync 28 at Sun Apr 26 15:32:19 UTC 2026
Cache sync 29 at Sun Apr 26 15:32:19 UTC 2026
Cache sync 30 at Sun Apr 26 15:32:19 UTC 2026
Cache sync 31 at Sun Apr 26 15:32:19 UTC 2026
Cache sync 32 at Sun Apr 26 15:32:19 UTC 2026
Cache sync 33 at Sun Apr 26 15:32:19 UTC 2026
Cache sync 34 at Sun Apr 26 15:32:19 UTC 2026
Cache sync 35 at Sun Apr 26 15:32:19 UTC 2026
Cache sync 36 at Sun Apr 26 15:32:19 UTC 2026
Cache sync 37 at Sun Apr 26 15:32:19 UTC 2026
Cache sync 38 at Sun Apr 26 15:32:19 UTC 2026
Cache sync 39 at Sun Apr 26 15:32:19 UTC 2026
Cache sync 40 at Sun Apr 26 15:32:19 UTC 2026
Cache sync 41 at Sun Apr 26 15:32:19 UTC 2026
Cache sync 42 at Sun Apr 26 15:32:19 UTC 2026
Cache sync 43 at Sun Apr 26 15:32:19 UTC 2026
Cache sync 44 at Sun Apr 26 15:32:19 UTC 2026
Cache sync 45 at Sun Apr 26 15:32:19 UTC 2026
Cache sync 46 at Sun Apr 26 15:32:19 UTC 2026
Cache sync 47 at Sun Apr 26 15:32:19 UTC 2026
Cache sync 48 at Sun Apr 26 15:32:19 UTC 2026
Cache sync 49 at Sun Apr 26 15:32:19 UTC 2026
Cache sync 50 at Sun Apr 26 15:32:19 UTC 2026
Cache sync 51 at Sun Apr 26 15:32:19 UTC 2026
Cache sync 52 at Sun Apr 26 15:32:19 UTC 2026
Cache sync 53 at Sun Apr 26 15:32:19 UTC 2026
Cache sync 54 at Sun Apr 26 15:32:19 UTC 2026
Cache sync 55 at Sun Apr 26 15:32:19 UTC 2026
Cache sync 1 at Sun Apr 26 21:26:33 UTC 2026
Cache sync 2 at Sun Apr 26 21:26:33 UTC 2026
Cache sync 3 at Sun Apr 26 21:26:33 UTC 2026
Cache sync 4 at Sun Apr 26 21:26:33 UTC 2026
Cache sync 5 at Sun Apr 26 21:26:33 UTC 2026
Cache sync 6 at Sun Apr 26 21:26:33 UTC 2026
Cache sync 7 at Sun Apr 26 21:26:33 UTC 2026
Cache sync 8 at Sun Apr 26 21:26:33 UTC 2026
Cache sync 9 at Sun Apr 26 21:26:33 UTC 2026
Cache sync 10 at Sun Apr 26 21:26:33 UTC 2026
Cache sync 11 at Sun Apr 26 21:26:33 UTC 2026
Cache sync 12 at Sun Apr 26 21:26:33 UTC 2026
Cache sync 13 at Sun Apr 26 21:26:33 UTC 2026
Cache sync 14 at Sun Apr 26 21:26:33 UTC 2026
Cache sync 15 at Sun Apr 26 21:26:33 UTC 2026
Cache sync 16 at Sun Apr 26 21:26:33 UTC 2026
Cache sync 17 at Sun Apr 26 21:26:33 UTC 2026
Cache sync 18 at Sun Apr 26 21:26:33 UTC 2026
Cache sync 19 at Sun Apr 26 21:26:33 UTC 2026
Cache sync 20 at Sun Apr 26 21:26:33 UTC 2026
Cache sync 21 at Sun Apr 26 21:26:33 UTC 2026
Cache sync 22 at Sun Apr 26 21:26:33 UTC 2026
Cache sync 23 at Sun Apr 26 21:26:33 UTC 2026
Cache sync 24 at Sun Apr 26 21:26:33 UTC 2026
Cache sync 25 at Sun Apr 26 21:26:33 UTC 2026
Cache sync 26 at Sun Apr 26 21:26:33 UTC 2026
Cache sync 27 at Sun Apr 26 21:26:33 UTC 2026
Cache sync 28 at Sun Apr 26 21:26:33 UTC 2026
Cache sync 29 at Sun Apr 26 21:26:33 UTC 2026
Cache sync 30 at Sun Apr 26 21:26:33 UTC 2026
Cache sync 31 at Sun Apr 26 21:26:33 UTC 2026
Cache sync 32 at Sun Apr 26 21:26:33 UTC 2026
Cache sync 33 at Sun Apr 26 21:26:33 UTC 2026
Cache sync 34 at Sun Apr 26 21:26:33 UTC 2026
Cache sync 35 at Sun Apr 26 21:26:33 UTC 2026
Cache sync 36 at Sun Apr 26 21:26:33 UTC 2026
Cache sync 37 at Sun Apr 26 21:26:33 UTC 2026
Cache sync 38 at Sun Apr 26 21:26:33 UTC 2026
Cache sync 39 at Sun Apr 26 21:26:33 UTC 2026
Cache sync 40 at Sun Apr 26 21:26:33 UTC 2026
Cache sync 41 at Sun Apr 26 21:26:33 UTC 2026
Cache sync 42 at Sun Apr 26 21:26:33 UTC 2026
Cache sync 43 at Sun Apr 26 21:26:33 UTC 2026
Cache sync 44 at Sun Apr 26 21:26:33 UTC 2026
Cache sync 45 at Sun Apr 26 21:26:33 UTC 2026
Cache sync 46 at Sun Apr 26 21:26:33 UTC 2026
Cache sync 47 at Sun Apr 26 21:26:33 UTC 2026
Cache sync 48 at Sun Apr 26 21:26:33 UTC 2026
Cache sync 49 at Sun Apr 26 21:26:33 UTC 2026
Cache sync 50 at Sun Apr 26 21:26:33 UTC 2026
Cache sync 51 at Sun Apr 26 21:26:33 UTC 2026
Cache sync 52 at Sun Apr 26 21:26:33 UTC 2026
Cache sync 53 at Sun Apr 26 21:26:33 UTC 2026
Cache sync 54 at Sun Apr 26 21:26:33 UTC 2026
Cache sync 55 at Sun Apr 26 21:26:33 UTC 2026
Cache sync 1 at Mon Apr 27 01:23:09 UTC 2026
Cache sync 2 at Mon Apr 27 01:23:09 UTC 2026
Cache sync 3 at Mon Apr 27 01:23:09 UTC 2026
Cache sync 4 at Mon Apr 27 01:23:09 UTC 2026
Cache sync 5 at Mon Apr 27 01:23:09 UTC 2026
Cache sync 6 at Mon Apr 27 01:23:09 UTC 2026
Cache sync 7 at Mon Apr 27 01:23:09 UTC 2026
Cache sync 8 at Mon Apr 27 01:23:09 UTC 2026
Cache sync 9 at Mon Apr 27 01:23:09 UTC 2026
Cache sync 10 at Mon Apr 27 01:23:09 UTC 2026
Cache sync 11 at Mon Apr 27 01:23:09 UTC 2026
Cache sync 12 at Mon Apr 27 01:23:09 UTC 2026
Cache sync 13 at Mon Apr 27 01:23:09 UTC 2026
Cache sync 14 at Mon Apr 27 01:23:09 UTC 2026
Cache sync 15 at Mon Apr 27 01:23:09 UTC 2026
Cache sync 16 at Mon Apr 27 01:23:09 UTC 2026
Cache sync 17 at Mon Apr 27 01:23:09 UTC 2026
Cache sync 18 at Mon Apr 27 01:23:09 UTC 2026
Cache sync 19 at Mon Apr 27 01:23:09 UTC 2026
Cache sync 20 at Mon Apr 27 01:23:09 UTC 2026
Cache sync 21 at Mon Apr 27 01:23:09 UTC 2026
Cache sync 22 at Mon Apr 27 01:23:09 UTC 2026
Cache sync 23 at Mon Apr 27 01:23:09 UTC 2026
Cache sync 24 at Mon Apr 27 01:23:09 UTC 2026
Cache sync 25 at Mon Apr 27 01:23:09 UTC 2026
Cache sync 26 at Mon Apr 27 01:23:09 UTC 2026
Cache sync 27 at Mon Apr 27 01:23:09 UTC 2026
Cache sync 28 at Mon Apr 27 01:23:09 UTC 2026
Cache sync 29 at Mon Apr 27 01:23:09 UTC 2026
Cache sync 30 at Mon Apr 27 01:23:09 UTC 2026
Cache sync 31 at Mon Apr 27 01:23:09 UTC 2026
Cache sync 32 at Mon Apr 27 01:23:09 UTC 2026
Cache sync 33 at Mon Apr 27 01:23:09 UTC 2026
Cache sync 34 at Mon Apr 27 01:23:09 UTC 2026
Cache sync 35 at Mon Apr 27 01:23:09 UTC 2026
Cache sync 36 at Mon Apr 27 01:23:09 UTC 2026
Cache sync 37 at Mon Apr 27 01:23:09 UTC 2026
Cache sync 38 at Mon Apr 27 01:23:09 UTC 2026
Cache sync 39 at Mon Apr 27 01:23:09 UTC 2026
Cache sync 40 at Mon Apr 27 01:23:09 UTC 2026
Cache sync 41 at Mon Apr 27 01:23:09 UTC 2026
Cache sync 42 at Mon Apr 27 01:23:09 UTC 2026
Cache sync 43 at Mon Apr 27 01:23:09 UTC 2026
Cache sync 44 at Mon Apr 27 01:23:09 UTC 2026
Cache sync 45 at Mon Apr 27 01:23:09 UTC 2026
Cache sync 46 at Mon Apr 27 01:23:10 UTC 2026
Cache sync 47 at Mon Apr 27 01:23:10 UTC 2026
Cache sync 48 at Mon Apr 27 01:23:10 UTC 2026
Cache sync 49 at Mon Apr 27 01:23:10 UTC 2026
Cache sync 50 at Mon Apr 27 01:23:10 UTC 2026
Cache sync 51 at Mon Apr 27 01:23:10 UTC 2026
Cache sync 52 at Mon Apr 27 01:23:10 UTC 2026
Cache sync 53 at Mon Apr 27 01:23:10 UTC 2026
Cache sync 54 at Mon Apr 27 01:23:10 UTC 2026
Cache sync 1 at Mon Apr 27 05:43:22 UTC 2026
Cache sync 2 at Mon Apr 27 05:43:22 UTC 2026
Cache sync 3 at Mon Apr 27 05:43:22 UTC 2026
Cache sync 4 at Mon Apr 27 05:43:22 UTC 2026
Cache sync 5 at Mon Apr 27 05:43:22 UTC 2026
Cache sync 6 at Mon Apr 27 05:43:22 UTC 2026
Cache sync 7 at Mon Apr 27 05:43:22 UTC 2026
Cache sync 8 at Mon Apr 27 05:43:22 UTC 2026
Cache sync 9 at Mon Apr 27 05:43:22 UTC 2026
Cache sync 10 at Mon Apr 27 05:43:22 UTC 2026
Cache sync 11 at Mon Apr 27 05:43:22 UTC 2026
Cache sync 12 at Mon Apr 27 05:43:22 UTC 2026
Cache sync 13 at Mon Apr 27 05:43:22 UTC 2026
Cache sync 14 at Mon Apr 27 05:43:22 UTC 2026
Cache sync 15 at Mon Apr 27 05:43:22 UTC 2026
Cache sync 16 at Mon Apr 27 05:43:22 UTC 2026
Cache sync 17 at Mon Apr 27 05:43:22 UTC 2026
Cache sync 18 at Mon Apr 27 05:43:22 UTC 2026
Cache sync 1 at Mon Apr 27 08:00:40 UTC 2026
Cache sync 2 at Mon Apr 27 08:00:40 UTC 2026
Cache sync 3 at Mon Apr 27 08:00:40 UTC 2026
Cache sync 4 at Mon Apr 27 08:00:40 UTC 2026
Cache sync 5 at Mon Apr 27 08:00:40 UTC 2026
Cache sync 6 at Mon Apr 27 08:00:40 UTC 2026
Cache sync 7 at Mon Apr 27 08:00:40 UTC 2026
Cache sync 8 at Mon Apr 27 08:00:40 UTC 2026
Cache sync 9 at Mon Apr 27 08:00:40 UTC 2026
Cache sync 10 at Mon Apr 27 08:00:40 UTC 2026
Cache sync 11 at Mon Apr 27 08:00:40 UTC 2026
Cache sync 12 at Mon Apr 27 08:00:40 UTC 2026
Cache sync 13 at Mon Apr 27 08:00:40 UTC 2026
Cache sync 14 at Mon Apr 27 08:00:40 UTC 2026
Cache sync 15 at Mon Apr 27 08:00:40 UTC 2026
Cache sync 16 at Mon Apr 27 08:00:40 UTC 2026
Cache sync 17 at Mon Apr 27 08:00:40 UTC 2026
Cache sync 18 at Mon Apr 27 08:00:40 UTC 2026
Cache sync 19 at Mon Apr 27 08:00:40 UTC 2026
Cache sync 20 at Mon Apr 27 08:00:40 UTC 2026
Cache sync 21 at Mon Apr 27 08:00:40 UTC 2026
Cache sync 22 at Mon Apr 27 08:00:40 UTC 2026
Cache sync 23 at Mon Apr 27 08:00:40 UTC 2026
Cache sync 24 at Mon Apr 27 08:00:40 UTC 2026
Cache sync 25 at Mon Apr 27 08:00:40 UTC 2026
Cache sync 26 at Mon Apr 27 08:00:40 UTC 2026
Cache sync 27 at Mon Apr 27 08:00:40 UTC 2026
Cache sync 28 at Mon Apr 27 08:00:40 UTC 2026
Cache sync 29 at Mon Apr 27 08:00:40 UTC 2026
Cache sync 30 at Mon Apr 27 08:00:40 UTC 2026
Cache sync 31 at Mon Apr 27 08:00:40 UTC 2026
Cache sync 32 at Mon Apr 27 08:00:40 UTC 2026
Cache sync 33 at Mon Apr 27 08:00:40 UTC 2026
Cache sync 34 at Mon Apr 27 08:00:40 UTC 2026
Cache sync 35 at Mon Apr 27 08:00:40 UTC 2026
Cache sync 36 at Mon Apr 27 08:00:40 UTC 2026
Cache sync 37 at Mon Apr 27 08:00:40 UTC 2026
Cache sync 38 at Mon Apr 27 08:00:40 UTC 2026
Cache sync 1 at Mon Apr 27 10:51:31 UTC 2026
Cache sync 2 at Mon Apr 27 10:51:31 UTC 2026
Cache sync 3 at Mon Apr 27 10:51:31 UTC 2026
Cache sync 4 at Mon Apr 27 10:51:31 UTC 2026
Cache sync 5 at Mon Apr 27 10:51:31 UTC 2026
Cache sync 6 at Mon Apr 27 10:51:31 UTC 2026
Cache sync 7 at Mon Apr 27 10:51:31 UTC 2026
Cache sync 8 at Mon Apr 27 10:51:31 UTC 2026
Cache sync 9 at Mon Apr 27 10:51:31 UTC 2026
Cache sync 10 at Mon Apr 27 10:51:31 UTC 2026
Cache sync 11 at Mon Apr 27 10:51:31 UTC 2026
Cache sync 12 at Mon Apr 27 10:51:31 UTC 2026
Cache sync 13 at Mon Apr 27 10:51:31 UTC 2026
Cache sync 14 at Mon Apr 27 10:51:31 UTC 2026
Cache sync 15 at Mon Apr 27 10:51:31 UTC 2026
Cache sync 16 at Mon Apr 27 10:51:31 UTC 2026
Cache sync 17 at Mon Apr 27 10:51:31 UTC 2026
Cache sync 18 at Mon Apr 27 10:51:31 UTC 2026
Cache sync 19 at Mon Apr 27 10:51:31 UTC 2026
Cache sync 20 at Mon Apr 27 10:51:32 UTC 2026
Cache sync 21 at Mon Apr 27 10:51:32 UTC 2026
Cache sync 22 at Mon Apr 27 10:51:32 UTC 2026
Cache sync 23 at Mon Apr 27 10:51:32 UTC 2026
Cache sync 24 at Mon Apr 27 10:51:32 UTC 2026
Cache sync 25 at Mon Apr 27 10:51:32 UTC 2026
Cache sync 26 at Mon Apr 27 10:51:32 UTC 2026
Cache sync 27 at Mon Apr 27 10:51:32 UTC 2026
Cache sync 28 at Mon Apr 27 10:51:32 UTC 2026
Cache sync 1 at Mon Apr 27 13:12:37 UTC 2026
Cache sync 2 at Mon Apr 27 13:12:37 UTC 2026
Cache sync 3 at Mon Apr 27 13:12:37 UTC 2026
Cache sync 4 at Mon Apr 27 13:12:37 UTC 2026
Cache sync 5 at Mon Apr 27 13:12:37 UTC 2026
Cache sync 6 at Mon Apr 27 13:12:37 UTC 2026
Cache sync 7 at Mon Apr 27 13:12:37 UTC 2026
Cache sync 8 at Mon Apr 27 13:12:37 UTC 2026
Cache sync 9 at Mon Apr 27 13:12:37 UTC 2026
Cache sync 10 at Mon Apr 27 13:12:37 UTC 2026
Cache sync 1 at Mon Apr 27 16:17:07 UTC 2026
Cache sync 2 at Mon Apr 27 16:17:07 UTC 2026
Cache sync 3 at Mon Apr 27 16:17:07 UTC 2026
Cache sync 4 at Mon Apr 27 16:17:07 UTC 2026
Cache sync 5 at Mon Apr 27 16:17:07 UTC 2026
Cache sync 6 at Mon Apr 27 16:17:07 UTC 2026
Cache sync 7 at Mon Apr 27 16:17:07 UTC 2026
Cache sync 8 at Mon Apr 27 16:17:07 UTC 2026
Cache sync 9 at Mon Apr 27 16:17:07 UTC 2026
Cache sync 10 at Mon Apr 27 16:17:07 UTC 2026
Cache sync 11 at Mon Apr 27 16:17:07 UTC 2026
Cache sync 12 at Mon Apr 27 16:17:07 UTC 2026
Cache sync 1 at Mon Apr 27 19:01:22 UTC 2026
Cache sync 2 at Mon Apr 27 19:01:22 UTC 2026
Cache sync 3 at Mon Apr 27 19:01:22 UTC 2026
Cache sync 4 at Mon Apr 27 19:01:22 UTC 2026
Cache sync 5 at Mon Apr 27 19:01:22 UTC 2026
Cache sync 6 at Mon Apr 27 19:01:22 UTC 2026
Cache sync 7 at Mon Apr 27 19:01:22 UTC 2026
Cache sync 8 at Mon Apr 27 19:01:22 UTC 2026
Cache sync 9 at Mon Apr 27 19:01:22 UTC 2026
Cache sync 10 at Mon Apr 27 19:01:22 UTC 2026
Cache sync 11 at Mon Apr 27 19:01:22 UTC 2026
Cache sync 12 at Mon Apr 27 19:01:22 UTC 2026
Cache sync 13 at Mon Apr 27 19:01:22 UTC 2026
Cache sync 14 at Mon Apr 27 19:01:22 UTC 2026
Cache sync 15 at Mon Apr 27 19:01:22 UTC 2026
Cache sync 16 at Mon Apr 27 19:01:22 UTC 2026
Cache sync 17 at Mon Apr 27 19:01:22 UTC 2026
Cache sync 18 at Mon Apr 27 19:01:22 UTC 2026
Cache sync 19 at Mon Apr 27 19:01:22 UTC 2026
Cache sync 20 at Mon Apr 27 19:01:22 UTC 2026
Cache sync 21 at Mon Apr 27 19:01:22 UTC 2026
Cache sync 22 at Mon Apr 27 19:01:22 UTC 2026
Cache sync 23 at Mon Apr 27 19:01:22 UTC 2026
Cache sync 24 at Mon Apr 27 19:01:22 UTC 2026
Cache sync 25 at Mon Apr 27 19:01:22 UTC 2026
Cache sync 26 at Mon Apr 27 19:01:22 UTC 2026
Cache sync 27 at Mon Apr 27 19:01:22 UTC 2026
Cache sync 28 at Mon Apr 27 19:01:22 UTC 2026
Cache sync 29 at Mon Apr 27 19:01:22 UTC 2026
Cache sync 30 at Mon Apr 27 19:01:22 UTC 2026
Cache sync 31 at Mon Apr 27 19:01:22 UTC 2026
Cache sync 32 at Mon Apr 27 19:01:22 UTC 2026
Cache sync 33 at Mon Apr 27 19:01:22 UTC 2026
Cache sync 34 at Mon Apr 27 19:01:22 UTC 2026
Cache sync 35 at Mon Apr 27 19:01:22 UTC 2026
Cache sync 36 at Mon Apr 27 19:01:22 UTC 2026
Cache sync 37 at Mon Apr 27 19:01:22 UTC 2026
Cache sync 38 at Mon Apr 27 19:01:22 UTC 2026
Cache sync 39 at Mon Apr 27 19:01:22 UTC 2026
Cache sync 40 at Mon Apr 27 19:01:22 UTC 2026
Cache sync 41 at Mon Apr 27 19:01:22 UTC 2026
Cache sync 42 at Mon Apr 27 19:01:22 UTC 2026
Cache sync 43 at Mon Apr 27 19:01:22 UTC 2026
Cache sync 44 at Mon Apr 27 19:01:22 UTC 2026
Cache sync 45 at Mon Apr 27 19:01:22 UTC 2026
Cache sync 1 at Mon Apr 27 21:43:15 UTC 2026
Cache sync 2 at Mon Apr 27 21:43:15 UTC 2026
Cache sync 3 at Mon Apr 27 21:43:15 UTC 2026
Cache sync 4 at Mon Apr 27 21:43:15 UTC 2026
Cache sync 5 at Mon Apr 27 21:43:15 UTC 2026
Cache sync 6 at Mon Apr 27 21:43:15 UTC 2026
Cache sync 7 at Mon Apr 27 21:43:15 UTC 2026
Cache sync 8 at Mon Apr 27 21:43:15 UTC 2026
Cache sync 9 at Mon Apr 27 21:43:15 UTC 2026
Cache sync 10 at Mon Apr 27 21:43:15 UTC 2026
Cache sync 11 at Mon Apr 27 21:43:15 UTC 2026
Cache sync 12 at Mon Apr 27 21:43:15 UTC 2026
Cache sync 13 at Mon Apr 27 21:43:15 UTC 2026
Cache sync 14 at Mon Apr 27 21:43:15 UTC 2026
Cache sync 15 at Mon Apr 27 21:43:15 UTC 2026
Cache sync 16 at Mon Apr 27 21:43:15 UTC 2026
Cache sync 17 at Mon Apr 27 21:43:15 UTC 2026
Cache sync 18 at Mon Apr 27 21:43:15 UTC 2026
Cache sync 19 at Mon Apr 27 21:43:15 UTC 2026
Cache sync 20 at Mon Apr 27 21:43:15 UTC 2026
Cache sync 21 at Mon Apr 27 21:43:15 UTC 2026
Cache sync 1 at Tue Apr 28 01:29:44 UTC 2026
Cache sync 2 at Tue Apr 28 01:29:44 UTC 2026
Cache sync 3 at Tue Apr 28 01:29:44 UTC 2026
Cache sync 4 at Tue Apr 28 01:29:44 UTC 2026
Cache sync 5 at Tue Apr 28 01:29:44 UTC 2026
Cache sync 6 at Tue Apr 28 01:29:44 UTC 2026
Cache sync 7 at Tue Apr 28 01:29:44 UTC 2026
Cache sync 8 at Tue Apr 28 01:29:44 UTC 2026
Cache sync 9 at Tue Apr 28 01:29:44 UTC 2026
Cache sync 10 at Tue Apr 28 01:29:44 UTC 2026
Cache sync 11 at Tue Apr 28 01:29:44 UTC 2026
Cache sync 12 at Tue Apr 28 01:29:44 UTC 2026
Cache sync 13 at Tue Apr 28 01:29:44 UTC 2026
Cache sync 14 at Tue Apr 28 01:29:44 UTC 2026
Cache sync 15 at Tue Apr 28 01:29:44 UTC 2026
Cache sync 16 at Tue Apr 28 01:29:44 UTC 2026
Cache sync 17 at Tue Apr 28 01:29:44 UTC 2026
Cache sync 18 at Tue Apr 28 01:29:44 UTC 2026
Cache sync 19 at Tue Apr 28 01:29:44 UTC 2026
Cache sync 20 at Tue Apr 28 01:29:44 UTC 2026
Cache sync 21 at Tue Apr 28 01:29:44 UTC 2026
Cache sync 22 at Tue Apr 28 01:29:44 UTC 2026
Cache sync 23 at Tue Apr 28 01:29:44 UTC 2026
Cache sync 24 at Tue Apr 28 01:29:44 UTC 2026
Cache sync 25 at Tue Apr 28 01:29:44 UTC 2026
Cache sync 26 at Tue Apr 28 01:29:44 UTC 2026
Cache sync 27 at Tue Apr 28 01:29:44 UTC 2026
Cache sync 28 at Tue Apr 28 01:29:44 UTC 2026
Cache sync 29 at Tue Apr 28 01:29:44 UTC 2026
Cache sync 30 at Tue Apr 28 01:29:44 UTC 2026
Cache sync 31 at Tue Apr 28 01:29:44 UTC 2026
Cache sync 32 at Tue Apr 28 01:29:44 UTC 2026
Cache sync 33 at Tue Apr 28 01:29:44 UTC 2026
Cache sync 34 at Tue Apr 28 01:29:44 UTC 2026
Cache sync 35 at Tue Apr 28 01:29:44 UTC 2026
Cache sync 36 at Tue Apr 28 01:29:44 UTC 2026
Cache sync 37 at Tue Apr 28 01:29:44 UTC 2026
Cache sync 38 at Tue Apr 28 01:29:44 UTC 2026
Cache sync 39 at Tue Apr 28 01:29:44 UTC 2026
Cache sync 40 at Tue Apr 28 01:29:45 UTC 2026
Cache sync 41 at Tue Apr 28 01:29:45 UTC 2026
Cache sync 42 at Tue Apr 28 01:29:45 UTC 2026
Cache sync 43 at Tue Apr 28 01:29:45 UTC 2026
Cache sync 44 at Tue Apr 28 01:29:45 UTC 2026
Cache sync 45 at Tue Apr 28 01:29:45 UTC 2026
Cache sync 46 at Tue Apr 28 01:29:45 UTC 2026
Cache sync 47 at Tue Apr 28 01:29:45 UTC 2026
Cache sync 48 at Tue Apr 28 01:29:45 UTC 2026
Cache sync 49 at Tue Apr 28 01:29:45 UTC 2026
Cache sync 50 at Tue Apr 28 01:29:45 UTC 2026
Cache sync 51 at Tue Apr 28 01:29:45 UTC 2026
Cache sync 52 at Tue Apr 28 01:29:45 UTC 2026
Cache sync 53 at Tue Apr 28 01:29:45 UTC 2026
Cache sync 54 at Tue Apr 28 01:29:45 UTC 2026
Cache sync 55 at Tue Apr 28 01:29:45 UTC 2026
Cache sync 56 at Tue Apr 28 01:29:45 UTC 2026
Cache sync 57 at Tue Apr 28 01:29:45 UTC 2026
Cache sync 58 at Tue Apr 28 01:29:45 UTC 2026
Cache sync 59 at Tue Apr 28 01:29:45 UTC 2026
Cache sync 60 at Tue Apr 28 01:29:45 UTC 2026
Cache sync 61 at Tue Apr 28 01:29:45 UTC 2026
Cache sync 62 at Tue Apr 28 01:29:45 UTC 2026
Cache sync 63 at Tue Apr 28 01:29:45 UTC 2026
Cache sync 64 at Tue Apr 28 01:29:45 UTC 2026
Cache sync 65 at Tue Apr 28 01:29:45 UTC 2026
Cache sync 66 at Tue Apr 28 01:29:45 UTC 2026
Cache sync 67 at Tue Apr 28 01:29:45 UTC 2026
Cache sync 68 at Tue Apr 28 01:29:45 UTC 2026
Cache sync 69 at Tue Apr 28 01:29:45 UTC 2026
Cache sync 70 at Tue Apr 28 01:29:45 UTC 2026
Cache sync 71 at Tue Apr 28 01:29:45 UTC 2026
Cache sync 72 at Tue Apr 28 01:29:45 UTC 2026
Cache sync 73 at Tue Apr 28 01:29:45 UTC 2026
Cache sync 74 at Tue Apr 28 01:29:45 UTC 2026
Cache sync 75 at Tue Apr 28 01:29:45 UTC 2026
Cache sync 76 at Tue Apr 28 01:29:45 UTC 2026
Cache sync 77 at Tue Apr 28 01:29:45 UTC 2026
Cache sync 78 at Tue Apr 28 01:29:45 UTC 2026
Cache sync 79 at Tue Apr 28 01:29:45 UTC 2026
Cache sync 80 at Tue Apr 28 01:29:45 UTC 2026
Cache sync 1 at Tue Apr 28 05:48:34 UTC 2026
Cache sync 2 at Tue Apr 28 05:48:34 UTC 2026
Cache sync 3 at Tue Apr 28 05:48:34 UTC 2026
Cache sync 4 at Tue Apr 28 05:48:34 UTC 2026
Cache sync 5 at Tue Apr 28 05:48:34 UTC 2026
Cache sync 6 at Tue Apr 28 05:48:34 UTC 2026
Cache sync 7 at Tue Apr 28 05:48:34 UTC 2026
Cache sync 8 at Tue Apr 28 05:48:34 UTC 2026
Cache sync 9 at Tue Apr 28 05:48:34 UTC 2026
Cache sync 10 at Tue Apr 28 05:48:34 UTC 2026
Cache sync 11 at Tue Apr 28 05:48:34 UTC 2026
Cache sync 12 at Tue Apr 28 05:48:34 UTC 2026
Cache sync 13 at Tue Apr 28 05:48:34 UTC 2026
Cache sync 14 at Tue Apr 28 05:48:34 UTC 2026
Cache sync 15 at Tue Apr 28 05:48:34 UTC 2026
Cache sync 16 at Tue Apr 28 05:48:34 UTC 2026
Cache sync 17 at Tue Apr 28 05:48:34 UTC 2026
Cache sync 18 at Tue Apr 28 05:48:34 UTC 2026
Cache sync 19 at Tue Apr 28 05:48:34 UTC 2026
Cache sync 20 at Tue Apr 28 05:48:34 UTC 2026
Cache sync 21 at Tue Apr 28 05:48:34 UTC 2026
Cache sync 22 at Tue Apr 28 05:48:34 UTC 2026
Cache sync 23 at Tue Apr 28 05:48:34 UTC 2026
Cache sync 24 at Tue Apr 28 05:48:34 UTC 2026
Cache sync 25 at Tue Apr 28 05:48:34 UTC 2026
Cache sync 26 at Tue Apr 28 05:48:34 UTC 2026
Cache sync 27 at Tue Apr 28 05:48:34 UTC 2026
Cache sync 28 at Tue Apr 28 05:48:34 UTC 2026
Cache sync 29 at Tue Apr 28 05:48:34 UTC 2026
Cache sync 30 at Tue Apr 28 05:48:34 UTC 2026
Cache sync 1 at Tue Apr 28 08:01:21 UTC 2026
Cache sync 2 at Tue Apr 28 08:01:21 UTC 2026
Cache sync 3 at Tue Apr 28 08:01:21 UTC 2026
Cache sync 4 at Tue Apr 28 08:01:21 UTC 2026
Cache sync 5 at Tue Apr 28 08:01:21 UTC 2026
Cache sync 6 at Tue Apr 28 08:01:21 UTC 2026
Cache sync 1 at Tue Apr 28 10:51:32 UTC 2026
Cache sync 2 at Tue Apr 28 10:51:32 UTC 2026
Cache sync 3 at Tue Apr 28 10:51:32 UTC 2026
Cache sync 4 at Tue Apr 28 10:51:32 UTC 2026
Cache sync 5 at Tue Apr 28 10:51:32 UTC 2026
Cache sync 6 at Tue Apr 28 10:51:32 UTC 2026
Cache sync 7 at Tue Apr 28 10:51:32 UTC 2026
Cache sync 8 at Tue Apr 28 10:51:32 UTC 2026
Cache sync 9 at Tue Apr 28 10:51:32 UTC 2026
Cache sync 10 at Tue Apr 28 10:51:32 UTC 2026
Cache sync 11 at Tue Apr 28 10:51:32 UTC 2026
Cache sync 12 at Tue Apr 28 10:51:32 UTC 2026
Cache sync 13 at Tue Apr 28 10:51:32 UTC 2026
Cache sync 14 at Tue Apr 28 10:51:32 UTC 2026
Cache sync 15 at Tue Apr 28 10:51:32 UTC 2026
Cache sync 16 at Tue Apr 28 10:51:32 UTC 2026
Cache sync 17 at Tue Apr 28 10:51:32 UTC 2026
Cache sync 18 at Tue Apr 28 10:51:32 UTC 2026
Cache sync 19 at Tue Apr 28 10:51:32 UTC 2026
Cache sync 20 at Tue Apr 28 10:51:32 UTC 2026
Cache sync 21 at Tue Apr 28 10:51:32 UTC 2026
Cache sync 22 at Tue Apr 28 10:51:32 UTC 2026
Cache sync 23 at Tue Apr 28 10:51:32 UTC 2026
Cache sync 24 at Tue Apr 28 10:51:32 UTC 2026
Cache sync 25 at Tue Apr 28 10:51:32 UTC 2026
Cache sync 26 at Tue Apr 28 10:51:32 UTC 2026
Cache sync 27 at Tue Apr 28 10:51:32 UTC 2026
Cache sync 28 at Tue Apr 28 10:51:32 UTC 2026
Cache sync 29 at Tue Apr 28 10:51:32 UTC 2026
Cache sync 30 at Tue Apr 28 10:51:32 UTC 2026
Cache sync 31 at Tue Apr 28 10:51:32 UTC 2026
Cache sync 32 at Tue Apr 28 10:51:32 UTC 2026
Cache sync 33 at Tue Apr 28 10:51:32 UTC 2026
Cache sync 34 at Tue Apr 28 10:51:32 UTC 2026
Cache sync 35 at Tue Apr 28 10:51:32 UTC 2026
Cache sync 36 at Tue Apr 28 10:51:32 UTC 2026
Cache sync 37 at Tue Apr 28 10:51:32 UTC 2026
Cache sync 38 at Tue Apr 28 10:51:32 UTC 2026
Cache sync 39 at Tue Apr 28 10:51:32 UTC 2026
Cache sync 40 at Tue Apr 28 10:51:32 UTC 2026
Cache sync 41 at Tue Apr 28 10:51:32 UTC 2026
Cache sync 42 at Tue Apr 28 10:51:32 UTC 2026
Cache sync 43 at Tue Apr 28 10:51:32 UTC 2026
Cache sync 44 at Tue Apr 28 10:51:32 UTC 2026
Cache sync 45 at Tue Apr 28 10:51:32 UTC 2026
Cache sync 46 at Tue Apr 28 10:51:32 UTC 2026
Cache sync 47 at Tue Apr 28 10:51:32 UTC 2026
Cache sync 48 at Tue Apr 28 10:51:32 UTC 2026
Cache sync 49 at Tue Apr 28 10:51:32 UTC 2026
Cache sync 50 at Tue Apr 28 10:51:32 UTC 2026
Cache sync 51 at Tue Apr 28 10:51:32 UTC 2026
Cache sync 52 at Tue Apr 28 10:51:32 UTC 2026
Cache sync 53 at Tue Apr 28 10:51:32 UTC 2026
Cache sync 1 at Tue Apr 28 13:23:05 UTC 2026
Cache sync 2 at Tue Apr 28 13:23:05 UTC 2026
Cache sync 3 at Tue Apr 28 13:23:05 UTC 2026
Cache sync 4 at Tue Apr 28 13:23:05 UTC 2026
Cache sync 5 at Tue Apr 28 13:23:05 UTC 2026
Cache sync 6 at Tue Apr 28 13:23:05 UTC 2026
Cache sync 7 at Tue Apr 28 13:23:05 UTC 2026
Cache sync 8 at Tue Apr 28 13:23:05 UTC 2026
Cache sync 9 at Tue Apr 28 13:23:05 UTC 2026
Cache sync 10 at Tue Apr 28 13:23:05 UTC 2026
Cache sync 11 at Tue Apr 28 13:23:05 UTC 2026
Cache sync 12 at Tue Apr 28 13:23:05 UTC 2026
Cache sync 13 at Tue Apr 28 13:23:05 UTC 2026
Cache sync 14 at Tue Apr 28 13:23:05 UTC 2026
Cache sync 15 at Tue Apr 28 13:23:05 UTC 2026
Cache sync 16 at Tue Apr 28 13:23:05 UTC 2026
Cache sync 17 at Tue Apr 28 13:23:05 UTC 2026
Cache sync 18 at Tue Apr 28 13:23:05 UTC 2026
Cache sync 19 at Tue Apr 28 13:23:05 UTC 2026
Cache sync 20 at Tue Apr 28 13:23:05 UTC 2026
Cache sync 21 at Tue Apr 28 13:23:05 UTC 2026
Cache sync 22 at Tue Apr 28 13:23:05 UTC 2026
Cache sync 23 at Tue Apr 28 13:23:05 UTC 2026
Cache sync 24 at Tue Apr 28 13:23:05 UTC 2026
Cache sync 25 at Tue Apr 28 13:23:05 UTC 2026
Cache sync 26 at Tue Apr 28 13:23:05 UTC 2026
Cache sync 27 at Tue Apr 28 13:23:05 UTC 2026
Cache sync 28 at Tue Apr 28 13:23:05 UTC 2026
Cache sync 29 at Tue Apr 28 13:23:05 UTC 2026
Cache sync 30 at Tue Apr 28 13:23:05 UTC 2026
Cache sync 31 at Tue Apr 28 13:23:05 UTC 2026
Cache sync 32 at Tue Apr 28 13:23:05 UTC 2026
Cache sync 33 at Tue Apr 28 13:23:05 UTC 2026
Cache sync 34 at Tue Apr 28 13:23:05 UTC 2026
Cache sync 35 at Tue Apr 28 13:23:05 UTC 2026
Cache sync 36 at Tue Apr 28 13:23:05 UTC 2026
Cache sync 37 at Tue Apr 28 13:23:05 UTC 2026
Cache sync 38 at Tue Apr 28 13:23:05 UTC 2026
Cache sync 39 at Tue Apr 28 13:23:05 UTC 2026
Cache sync 40 at Tue Apr 28 13:23:05 UTC 2026
Cache sync 41 at Tue Apr 28 13:23:05 UTC 2026
Cache sync 42 at Tue Apr 28 13:23:05 UTC 2026
Cache sync 43 at Tue Apr 28 13:23:06 UTC 2026
Cache sync 44 at Tue Apr 28 13:23:06 UTC 2026
Cache sync 45 at Tue Apr 28 13:23:06 UTC 2026
Cache sync 46 at Tue Apr 28 13:23:06 UTC 2026
Cache sync 47 at Tue Apr 28 13:23:06 UTC 2026
Cache sync 48 at Tue Apr 28 13:23:06 UTC 2026
Cache sync 49 at Tue Apr 28 13:23:06 UTC 2026
Cache sync 50 at Tue Apr 28 13:23:06 UTC 2026
Cache sync 51 at Tue Apr 28 13:23:06 UTC 2026
Cache sync 52 at Tue Apr 28 13:23:06 UTC 2026
Cache sync 53 at Tue Apr 28 13:23:06 UTC 2026
Cache sync 54 at Tue Apr 28 13:23:06 UTC 2026
Cache sync 55 at Tue Apr 28 13:23:06 UTC 2026
Cache sync 56 at Tue Apr 28 13:23:06 UTC 2026
Cache sync 57 at Tue Apr 28 13:23:06 UTC 2026
Cache sync 58 at Tue Apr 28 13:23:06 UTC 2026
Cache sync 59 at Tue Apr 28 13:23:06 UTC 2026
Cache sync 60 at Tue Apr 28 13:23:06 UTC 2026
Cache sync 61 at Tue Apr 28 13:23:06 UTC 2026
Cache sync 62 at Tue Apr 28 13:23:06 UTC 2026
Cache sync 63 at Tue Apr 28 13:23:06 UTC 2026
Cache sync 64 at Tue Apr 28 13:23:06 UTC 2026
Cache sync 65 at Tue Apr 28 13:23:06 UTC 2026
Cache sync 66 at Tue Apr 28 13:23:06 UTC 2026
Cache sync 67 at Tue Apr 28 13:23:06 UTC 2026
Cache sync 68 at Tue Apr 28 13:23:06 UTC 2026
Cache sync 69 at Tue Apr 28 13:23:06 UTC 2026
Cache sync 70 at Tue Apr 28 13:23:06 UTC 2026
Cache sync 71 at Tue Apr 28 13:23:06 UTC 2026
Cache sync 72 at Tue Apr 28 13:23:06 UTC 2026
Cache sync 73 at Tue Apr 28 13:23:06 UTC 2026
Cache sync 74 at Tue Apr 28 13:23:06 UTC 2026
Cache sync 75 at Tue Apr 28 13:23:06 UTC 2026
Cache sync 76 at Tue Apr 28 13:23:06 UTC 2026
Cache sync 77 at Tue Apr 28 13:23:06 UTC 2026
Cache sync 78 at Tue Apr 28 13:23:06 UTC 2026
Cache sync 79 at Tue Apr 28 13:23:06 UTC 2026
Cache sync 80 at Tue Apr 28 13:23:06 UTC 2026
Cache sync 81 at Tue Apr 28 13:23:06 UTC 2026
Cache sync 82 at Tue Apr 28 13:23:06 UTC 2026
Cache sync 83 at Tue Apr 28 13:23:06 UTC 2026
Cache sync 1 at Tue Apr 28 16:31:03 UTC 2026
Cache sync 2 at Tue Apr 28 16:31:03 UTC 2026
Cache sync 3 at Tue Apr 28 16:31:03 UTC 2026
Cache sync 4 at Tue Apr 28 16:31:03 UTC 2026
Cache sync 5 at Tue Apr 28 16:31:03 UTC 2026
Cache sync 6 at Tue Apr 28 16:31:03 UTC 2026
Cache sync 7 at Tue Apr 28 16:31:03 UTC 2026
Cache sync 8 at Tue Apr 28 16:31:03 UTC 2026
Cache sync 9 at Tue Apr 28 16:31:03 UTC 2026
Cache sync 10 at Tue Apr 28 16:31:03 UTC 2026
Cache sync 11 at Tue Apr 28 16:31:03 UTC 2026
Cache sync 12 at Tue Apr 28 16:31:03 UTC 2026
Cache sync 13 at Tue Apr 28 16:31:03 UTC 2026
Cache sync 14 at Tue Apr 28 16:31:03 UTC 2026
Cache sync 15 at Tue Apr 28 16:31:03 UTC 2026
Cache sync 16 at Tue Apr 28 16:31:03 UTC 2026
Cache sync 17 at Tue Apr 28 16:31:03 UTC 2026
Cache sync 18 at Tue Apr 28 16:31:03 UTC 2026
Cache sync 19 at Tue Apr 28 16:31:03 UTC 2026
Cache sync 20 at Tue Apr 28 16:31:03 UTC 2026
Cache sync 21 at Tue Apr 28 16:31:03 UTC 2026
Cache sync 22 at Tue Apr 28 16:31:03 UTC 2026
Cache sync 23 at Tue Apr 28 16:31:03 UTC 2026
Cache sync 24 at Tue Apr 28 16:31:03 UTC 2026
Cache sync 25 at Tue Apr 28 16:31:03 UTC 2026
Cache sync 26 at Tue Apr 28 16:31:03 UTC 2026
Cache sync 27 at Tue Apr 28 16:31:03 UTC 2026
Cache sync 28 at Tue Apr 28 16:31:03 UTC 2026
Cache sync 29 at Tue Apr 28 16:31:03 UTC 2026
Cache sync 30 at Tue Apr 28 16:31:03 UTC 2026
Cache sync 31 at Tue Apr 28 16:31:03 UTC 2026
Cache sync 32 at Tue Apr 28 16:31:03 UTC 2026
Cache sync 33 at Tue Apr 28 16:31:03 UTC 2026
Cache sync 34 at Tue Apr 28 16:31:03 UTC 2026
Cache sync 35 at Tue Apr 28 16:31:03 UTC 2026
Cache sync 36 at Tue Apr 28 16:31:03 UTC 2026
Cache sync 37 at Tue Apr 28 16:31:03 UTC 2026
Cache sync 38 at Tue Apr 28 16:31:03 UTC 2026
Cache sync 39 at Tue Apr 28 16:31:03 UTC 2026
Cache sync 40 at Tue Apr 28 16:31:03 UTC 2026
Cache sync 41 at Tue Apr 28 16:31:03 UTC 2026
Cache sync 42 at Tue Apr 28 16:31:03 UTC 2026
Cache sync 43 at Tue Apr 28 16:31:03 UTC 2026
Cache sync 44 at Tue Apr 28 16:31:03 UTC 2026
Cache sync 45 at Tue Apr 28 16:31:03 UTC 2026
Cache sync 46 at Tue Apr 28 16:31:03 UTC 2026
Cache sync 47 at Tue Apr 28 16:31:03 UTC 2026
Cache sync 48 at Tue Apr 28 16:31:03 UTC 2026
Cache sync 49 at Tue Apr 28 16:31:03 UTC 2026
Cache sync 50 at Tue Apr 28 16:31:03 UTC 2026
Cache sync 51 at Tue Apr 28 16:31:03 UTC 2026
Cache sync 52 at Tue Apr 28 16:31:03 UTC 2026
Cache sync 1 at Tue Apr 28 19:14:51 UTC 2026
Cache sync 2 at Tue Apr 28 19:14:51 UTC 2026
Cache sync 3 at Tue Apr 28 19:14:51 UTC 2026
Cache sync 4 at Tue Apr 28 19:14:51 UTC 2026
Cache sync 5 at Tue Apr 28 19:14:51 UTC 2026
Cache sync 6 at Tue Apr 28 19:14:51 UTC 2026
Cache sync 7 at Tue Apr 28 19:14:51 UTC 2026
Cache sync 8 at Tue Apr 28 19:14:51 UTC 2026
Cache sync 9 at Tue Apr 28 19:14:51 UTC 2026
Cache sync 10 at Tue Apr 28 19:14:51 UTC 2026
Cache sync 11 at Tue Apr 28 19:14:51 UTC 2026
Cache sync 12 at Tue Apr 28 19:14:51 UTC 2026
Cache sync 13 at Tue Apr 28 19:14:51 UTC 2026
Cache sync 14 at Tue Apr 28 19:14:51 UTC 2026
Cache sync 15 at Tue Apr 28 19:14:51 UTC 2026
Cache sync 16 at Tue Apr 28 19:14:51 UTC 2026
Cache sync 17 at Tue Apr 28 19:14:51 UTC 2026
Cache sync 18 at Tue Apr 28 19:14:51 UTC 2026
Cache sync 19 at Tue Apr 28 19:14:51 UTC 2026
Cache sync 20 at Tue Apr 28 19:14:51 UTC 2026
Cache sync 21 at Tue Apr 28 19:14:51 UTC 2026
Cache sync 22 at Tue Apr 28 19:14:51 UTC 2026
Cache sync 23 at Tue Apr 28 19:14:51 UTC 2026
Cache sync 24 at Tue Apr 28 19:14:51 UTC 2026
Cache sync 25 at Tue Apr 28 19:14:51 UTC 2026
Cache sync 26 at Tue Apr 28 19:14:51 UTC 2026
Cache sync 27 at Tue Apr 28 19:14:52 UTC 2026
Cache sync 28 at Tue Apr 28 19:14:52 UTC 2026
Cache sync 29 at Tue Apr 28 19:14:52 UTC 2026
Cache sync 30 at Tue Apr 28 19:14:52 UTC 2026
Cache sync 31 at Tue Apr 28 19:14:52 UTC 2026
Cache sync 32 at Tue Apr 28 19:14:52 UTC 2026
Cache sync 33 at Tue Apr 28 19:14:52 UTC 2026
Cache sync 34 at Tue Apr 28 19:14:52 UTC 2026
Cache sync 35 at Tue Apr 28 19:14:52 UTC 2026
Cache sync 36 at Tue Apr 28 19:14:52 UTC 2026
Cache sync 37 at Tue Apr 28 19:14:52 UTC 2026
Cache sync 38 at Tue Apr 28 19:14:52 UTC 2026
Cache sync 39 at Tue Apr 28 19:14:52 UTC 2026
Cache sync 40 at Tue Apr 28 19:14:52 UTC 2026
Cache sync 41 at Tue Apr 28 19:14:52 UTC 2026
Cache sync 42 at Tue Apr 28 19:14:52 UTC 2026
Cache sync 43 at Tue Apr 28 19:14:52 UTC 2026
Cache sync 44 at Tue Apr 28 19:14:52 UTC 2026
Cache sync 45 at Tue Apr 28 19:14:52 UTC 2026
Cache sync 46 at Tue Apr 28 19:14:52 UTC 2026
Cache sync 47 at Tue Apr 28 19:14:52 UTC 2026
Cache sync 48 at Tue Apr 28 19:14:52 UTC 2026
Cache sync 49 at Tue Apr 28 19:14:52 UTC 2026
Cache sync 50 at Tue Apr 28 19:14:52 UTC 2026
Cache sync 51 at Tue Apr 28 19:14:52 UTC 2026
Cache sync 52 at Tue Apr 28 19:14:52 UTC 2026
Cache sync 53 at Tue Apr 28 19:14:52 UTC 2026
Cache sync 54 at Tue Apr 28 19:14:52 UTC 2026
Cache sync 55 at Tue Apr 28 19:14:52 UTC 2026
Cache sync 56 at Tue Apr 28 19:14:52 UTC 2026
Cache sync 57 at Tue Apr 28 19:14:52 UTC 2026
Cache sync 58 at Tue Apr 28 19:14:52 UTC 2026
Cache sync 59 at Tue Apr 28 19:14:52 UTC 2026
Cache sync 60 at Tue Apr 28 19:14:52 UTC 2026
Cache sync 61 at Tue Apr 28 19:14:52 UTC 2026
Cache sync 62 at Tue Apr 28 19:14:52 UTC 2026
Cache sync 1 at Tue Apr 28 21:48:20 UTC 2026
Cache sync 2 at Tue Apr 28 21:48:20 UTC 2026
Cache sync 3 at Tue Apr 28 21:48:20 UTC 2026
Cache sync 4 at Tue Apr 28 21:48:20 UTC 2026
Cache sync 5 at Tue Apr 28 21:48:20 UTC 2026
Cache sync 6 at Tue Apr 28 21:48:20 UTC 2026
Cache sync 7 at Tue Apr 28 21:48:20 UTC 2026
Cache sync 8 at Tue Apr 28 21:48:20 UTC 2026
Cache sync 9 at Tue Apr 28 21:48:20 UTC 2026
Cache sync 10 at Tue Apr 28 21:48:20 UTC 2026
Cache sync 11 at Tue Apr 28 21:48:20 UTC 2026
Cache sync 12 at Tue Apr 28 21:48:20 UTC 2026
Cache sync 13 at Tue Apr 28 21:48:20 UTC 2026
Cache sync 14 at Tue Apr 28 21:48:20 UTC 2026
Cache sync 15 at Tue Apr 28 21:48:20 UTC 2026
Cache sync 16 at Tue Apr 28 21:48:20 UTC 2026
Cache sync 17 at Tue Apr 28 21:48:20 UTC 2026
Cache sync 18 at Tue Apr 28 21:48:20 UTC 2026
Cache sync 19 at Tue Apr 28 21:48:20 UTC 2026
Cache sync 20 at Tue Apr 28 21:48:20 UTC 2026
Cache sync 21 at Tue Apr 28 21:48:20 UTC 2026
Cache sync 22 at Tue Apr 28 21:48:20 UTC 2026
Cache sync 23 at Tue Apr 28 21:48:20 UTC 2026
Cache sync 24 at Tue Apr 28 21:48:20 UTC 2026
Cache sync 25 at Tue Apr 28 21:48:20 UTC 2026
Cache sync 26 at Tue Apr 28 21:48:20 UTC 2026
Cache sync 27 at Tue Apr 28 21:48:20 UTC 2026
Cache sync 28 at Tue Apr 28 21:48:20 UTC 2026
Cache sync 29 at Tue Apr 28 21:48:20 UTC 2026
Cache sync 30 at Tue Apr 28 21:48:20 UTC 2026
Cache sync 31 at Tue Apr 28 21:48:20 UTC 2026
Cache sync 32 at Tue Apr 28 21:48:20 UTC 2026
Cache sync 33 at Tue Apr 28 21:48:20 UTC 2026
Cache sync 34 at Tue Apr 28 21:48:20 UTC 2026
Cache sync 35 at Tue Apr 28 21:48:20 UTC 2026
Cache sync 36 at Tue Apr 28 21:48:20 UTC 2026
Cache sync 37 at Tue Apr 28 21:48:20 UTC 2026
Cache sync 38 at Tue Apr 28 21:48:20 UTC 2026
Cache sync 39 at Tue Apr 28 21:48:20 UTC 2026
Cache sync 40 at Tue Apr 28 21:48:20 UTC 2026
Cache sync 41 at Tue Apr 28 21:48:20 UTC 2026
Cache sync 42 at Tue Apr 28 21:48:20 UTC 2026
Cache sync 43 at Tue Apr 28 21:48:20 UTC 2026
Cache sync 44 at Tue Apr 28 21:48:20 UTC 2026
Cache sync 45 at Tue Apr 28 21:48:20 UTC 2026
Cache sync 46 at Tue Apr 28 21:48:20 UTC 2026
Cache sync 47 at Tue Apr 28 21:48:20 UTC 2026
Cache sync 48 at Tue Apr 28 21:48:20 UTC 2026
Cache sync 49 at Tue Apr 28 21:48:20 UTC 2026
Cache sync 50 at Tue Apr 28 21:48:20 UTC 2026
Cache sync 51 at Tue Apr 28 21:48:20 UTC 2026
Cache sync 52 at Tue Apr 28 21:48:20 UTC 2026
Cache sync 53 at Tue Apr 28 21:48:20 UTC 2026
Cache sync 54 at Tue Apr 28 21:48:20 UTC 2026
Cache sync 55 at Tue Apr 28 21:48:20 UTC 2026
Cache sync 56 at Tue Apr 28 21:48:20 UTC 2026
Cache sync 57 at Tue Apr 28 21:48:20 UTC 2026
Cache sync 58 at Tue Apr 28 21:48:20 UTC 2026
Cache sync 59 at Tue Apr 28 21:48:20 UTC 2026
Cache sync 60 at Tue Apr 28 21:48:20 UTC 2026
Cache sync 61 at Tue Apr 28 21:48:20 UTC 2026
Cache sync 62 at Tue Apr 28 21:48:20 UTC 2026
Cache sync 63 at Tue Apr 28 21:48:20 UTC 2026
Cache sync 64 at Tue Apr 28 21:48:20 UTC 2026
Cache sync 1 at Wed Apr 29 01:45:12 UTC 2026
Cache sync 2 at Wed Apr 29 01:45:12 UTC 2026
Cache sync 3 at Wed Apr 29 01:45:12 UTC 2026
Cache sync 4 at Wed Apr 29 01:45:12 UTC 2026
Cache sync 5 at Wed Apr 29 01:45:12 UTC 2026
Cache sync 6 at Wed Apr 29 01:45:12 UTC 2026
Cache sync 7 at Wed Apr 29 01:45:12 UTC 2026
Cache sync 8 at Wed Apr 29 01:45:12 UTC 2026
Cache sync 9 at Wed Apr 29 01:45:12 UTC 2026
Cache sync 10 at Wed Apr 29 01:45:12 UTC 2026
Cache sync 11 at Wed Apr 29 01:45:12 UTC 2026
Cache sync 12 at Wed Apr 29 01:45:12 UTC 2026
Cache sync 13 at Wed Apr 29 01:45:12 UTC 2026
Cache sync 14 at Wed Apr 29 01:45:12 UTC 2026
Cache sync 15 at Wed Apr 29 01:45:12 UTC 2026
Cache sync 16 at Wed Apr 29 01:45:12 UTC 2026
Cache sync 17 at Wed Apr 29 01:45:12 UTC 2026
Cache sync 18 at Wed Apr 29 01:45:12 UTC 2026
Cache sync 19 at Wed Apr 29 01:45:12 UTC 2026
Cache sync 20 at Wed Apr 29 01:45:12 UTC 2026
Cache sync 21 at Wed Apr 29 01:45:13 UTC 2026
Cache sync 22 at Wed Apr 29 01:45:13 UTC 2026
Cache sync 23 at Wed Apr 29 01:45:13 UTC 2026
Cache sync 24 at Wed Apr 29 01:45:13 UTC 2026
Cache sync 25 at Wed Apr 29 01:45:13 UTC 2026
Cache sync 26 at Wed Apr 29 01:45:13 UTC 2026
Cache sync 27 at Wed Apr 29 01:45:13 UTC 2026
Cache sync 28 at Wed Apr 29 01:45:13 UTC 2026
Cache sync 29 at Wed Apr 29 01:45:13 UTC 2026
Cache sync 30 at Wed Apr 29 01:45:13 UTC 2026
Cache sync 31 at Wed Apr 29 01:45:13 UTC 2026
Cache sync 32 at Wed Apr 29 01:45:13 UTC 2026
Cache sync 33 at Wed Apr 29 01:45:13 UTC 2026
Cache sync 34 at Wed Apr 29 01:45:13 UTC 2026
Cache sync 35 at Wed Apr 29 01:45:13 UTC 2026
Cache sync 36 at Wed Apr 29 01:45:13 UTC 2026
Cache sync 37 at Wed Apr 29 01:45:13 UTC 2026
Cache sync 38 at Wed Apr 29 01:45:13 UTC 2026
Cache sync 39 at Wed Apr 29 01:45:13 UTC 2026
Cache sync 40 at Wed Apr 29 01:45:13 UTC 2026
Cache sync 41 at Wed Apr 29 01:45:13 UTC 2026
Cache sync 42 at Wed Apr 29 01:45:13 UTC 2026
Cache sync 43 at Wed Apr 29 01:45:13 UTC 2026
Cache sync 44 at Wed Apr 29 01:45:13 UTC 2026
Cache sync 45 at Wed Apr 29 01:45:13 UTC 2026
Cache sync 46 at Wed Apr 29 01:45:13 UTC 2026
Cache sync 47 at Wed Apr 29 01:45:13 UTC 2026
Cache sync 48 at Wed Apr 29 01:45:13 UTC 2026
Cache sync 49 at Wed Apr 29 01:45:13 UTC 2026
Cache sync 1 at Wed Apr 29 07:55:28 UTC 2026
Cache sync 2 at Wed Apr 29 07:55:28 UTC 2026
Cache sync 3 at Wed Apr 29 07:55:28 UTC 2026
Cache sync 4 at Wed Apr 29 07:55:28 UTC 2026
Cache sync 5 at Wed Apr 29 07:55:28 UTC 2026
Cache sync 6 at Wed Apr 29 07:55:28 UTC 2026
Cache sync 7 at Wed Apr 29 07:55:28 UTC 2026
Cache sync 8 at Wed Apr 29 07:55:28 UTC 2026
Cache sync 9 at Wed Apr 29 07:55:28 UTC 2026
Cache sync 10 at Wed Apr 29 07:55:28 UTC 2026
Cache sync 11 at Wed Apr 29 07:55:28 UTC 2026
Cache sync 12 at Wed Apr 29 07:55:28 UTC 2026
Cache sync 13 at Wed Apr 29 07:55:28 UTC 2026
Cache sync 14 at Wed Apr 29 07:55:28 UTC 2026
Cache sync 15 at Wed Apr 29 07:55:28 UTC 2026
Cache sync 16 at Wed Apr 29 07:55:28 UTC 2026
Cache sync 17 at Wed Apr 29 07:55:28 UTC 2026
Cache sync 18 at Wed Apr 29 07:55:28 UTC 2026
Cache sync 19 at Wed Apr 29 07:55:28 UTC 2026
Cache sync 20 at Wed Apr 29 07:55:28 UTC 2026
Cache sync 21 at Wed Apr 29 07:55:28 UTC 2026
Cache sync 22 at Wed Apr 29 07:55:28 UTC 2026
Cache sync 23 at Wed Apr 29 07:55:28 UTC 2026
Cache sync 24 at Wed Apr 29 07:55:28 UTC 2026
Cache sync 25 at Wed Apr 29 07:55:28 UTC 2026
Cache sync 26 at Wed Apr 29 07:55:28 UTC 2026
Cache sync 27 at Wed Apr 29 07:55:28 UTC 2026
Cache sync 28 at Wed Apr 29 07:55:28 UTC 2026
Cache sync 29 at Wed Apr 29 07:55:28 UTC 2026
Cache sync 30 at Wed Apr 29 07:55:28 UTC 2026
Cache sync 31 at Wed Apr 29 07:55:28 UTC 2026
Cache sync 32 at Wed Apr 29 07:55:28 UTC 2026
Cache sync 1 at Wed Apr 29 10:45:51 UTC 2026
Cache sync 2 at Wed Apr 29 10:45:51 UTC 2026
Cache sync 3 at Wed Apr 29 10:45:51 UTC 2026
Cache sync 4 at Wed Apr 29 10:45:51 UTC 2026
Cache sync 5 at Wed Apr 29 10:45:51 UTC 2026
Cache sync 6 at Wed Apr 29 10:45:51 UTC 2026
Cache sync 7 at Wed Apr 29 10:45:51 UTC 2026
Cache sync 8 at Wed Apr 29 10:45:51 UTC 2026
Cache sync 9 at Wed Apr 29 10:45:51 UTC 2026
Cache sync 10 at Wed Apr 29 10:45:51 UTC 2026
Cache sync 11 at Wed Apr 29 10:45:51 UTC 2026
Cache sync 12 at Wed Apr 29 10:45:51 UTC 2026
Cache sync 13 at Wed Apr 29 10:45:51 UTC 2026
Cache sync 14 at Wed Apr 29 10:45:51 UTC 2026
Cache sync 15 at Wed Apr 29 10:45:51 UTC 2026
Cache sync 16 at Wed Apr 29 10:45:51 UTC 2026
Cache sync 17 at Wed Apr 29 10:45:51 UTC 2026
Cache sync 18 at Wed Apr 29 10:45:51 UTC 2026
Cache sync 19 at Wed Apr 29 10:45:51 UTC 2026
Cache sync 20 at Wed Apr 29 10:45:51 UTC 2026
Cache sync 21 at Wed Apr 29 10:45:51 UTC 2026
Cache sync 22 at Wed Apr 29 10:45:51 UTC 2026
Cache sync 23 at Wed Apr 29 10:45:51 UTC 2026
Cache sync 24 at Wed Apr 29 10:45:51 UTC 2026
Cache sync 25 at Wed Apr 29 10:45:51 UTC 2026
Cache sync 26 at Wed Apr 29 10:45:51 UTC 2026
Cache sync 27 at Wed Apr 29 10:45:51 UTC 2026
Cache sync 28 at Wed Apr 29 10:45:51 UTC 2026
Cache sync 29 at Wed Apr 29 10:45:51 UTC 2026
Cache sync 30 at Wed Apr 29 10:45:52 UTC 2026
Cache sync 31 at Wed Apr 29 10:45:52 UTC 2026
Cache sync 32 at Wed Apr 29 10:45:52 UTC 2026
Cache sync 33 at Wed Apr 29 10:45:52 UTC 2026
Cache sync 34 at Wed Apr 29 10:45:52 UTC 2026
Cache sync 35 at Wed Apr 29 10:45:52 UTC 2026
Cache sync 36 at Wed Apr 29 10:45:52 UTC 2026
Cache sync 37 at Wed Apr 29 10:45:52 UTC 2026
Cache sync 38 at Wed Apr 29 10:45:52 UTC 2026
Cache sync 39 at Wed Apr 29 10:45:52 UTC 2026
Cache sync 40 at Wed Apr 29 10:45:52 UTC 2026
Cache sync 41 at Wed Apr 29 10:45:52 UTC 2026
Cache sync 42 at Wed Apr 29 10:45:52 UTC 2026
Cache sync 43 at Wed Apr 29 10:45:52 UTC 2026
Cache sync 44 at Wed Apr 29 10:45:52 UTC 2026
Cache sync 45 at Wed Apr 29 10:45:52 UTC 2026
Cache sync 46 at Wed Apr 29 10:45:52 UTC 2026
Cache sync 47 at Wed Apr 29 10:45:52 UTC 2026
Cache sync 48 at Wed Apr 29 10:45:52 UTC 2026
Cache sync 49 at Wed Apr 29 10:45:52 UTC 2026
Cache sync 50 at Wed Apr 29 10:45:52 UTC 2026
Cache sync 51 at Wed Apr 29 10:45:52 UTC 2026
Cache sync 52 at Wed Apr 29 10:45:52 UTC 2026
Cache sync 53 at Wed Apr 29 10:45:52 UTC 2026
Cache sync 54 at Wed Apr 29 10:45:52 UTC 2026
Cache sync 55 at Wed Apr 29 10:45:52 UTC 2026
Cache sync 56 at Wed Apr 29 10:45:52 UTC 2026
Cache sync 57 at Wed Apr 29 10:45:52 UTC 2026
Cache sync 58 at Wed Apr 29 10:45:52 UTC 2026
Cache sync 59 at Wed Apr 29 10:45:52 UTC 2026
Cache sync 60 at Wed Apr 29 10:45:52 UTC 2026
Cache sync 61 at Wed Apr 29 10:45:52 UTC 2026
Cache sync 62 at Wed Apr 29 10:45:52 UTC 2026
Cache sync 63 at Wed Apr 29 10:45:52 UTC 2026
Cache sync 64 at Wed Apr 29 10:45:52 UTC 2026
Cache sync 65 at Wed Apr 29 10:45:52 UTC 2026
Cache sync 66 at Wed Apr 29 10:45:52 UTC 2026
Cache sync 67 at Wed Apr 29 10:45:52 UTC 2026
Cache sync 68 at Wed Apr 29 10:45:52 UTC 2026
Cache sync 69 at Wed Apr 29 10:45:52 UTC 2026
Cache sync 70 at Wed Apr 29 10:45:52 UTC 2026
Cache sync 71 at Wed Apr 29 10:45:52 UTC 2026
Cache sync 72 at Wed Apr 29 10:45:52 UTC 2026
Cache sync 73 at Wed Apr 29 10:45:52 UTC 2026
Cache sync 74 at Wed Apr 29 10:45:52 UTC 2026
Cache sync 75 at Wed Apr 29 10:45:52 UTC 2026
Cache sync 76 at Wed Apr 29 10:45:52 UTC 2026
Cache sync 77 at Wed Apr 29 10:45:52 UTC 2026
Cache sync 78 at Wed Apr 29 10:45:52 UTC 2026
Cache sync 1 at Wed Apr 29 13:16:11 UTC 2026
Cache sync 2 at Wed Apr 29 13:16:11 UTC 2026
Cache sync 3 at Wed Apr 29 13:16:11 UTC 2026
Cache sync 4 at Wed Apr 29 13:16:11 UTC 2026
Cache sync 5 at Wed Apr 29 13:16:11 UTC 2026
Cache sync 6 at Wed Apr 29 13:16:11 UTC 2026
Cache sync 7 at Wed Apr 29 13:16:11 UTC 2026
Cache sync 8 at Wed Apr 29 13:16:11 UTC 2026
Cache sync 9 at Wed Apr 29 13:16:11 UTC 2026
Cache sync 10 at Wed Apr 29 13:16:11 UTC 2026
Cache sync 11 at Wed Apr 29 13:16:11 UTC 2026
Cache sync 12 at Wed Apr 29 13:16:11 UTC 2026
Cache sync 13 at Wed Apr 29 13:16:11 UTC 2026
Cache sync 14 at Wed Apr 29 13:16:11 UTC 2026
Cache sync 15 at Wed Apr 29 13:16:11 UTC 2026
Cache sync 16 at Wed Apr 29 13:16:11 UTC 2026
Cache sync 17 at Wed Apr 29 13:16:11 UTC 2026
Cache sync 18 at Wed Apr 29 13:16:11 UTC 2026
Cache sync 19 at Wed Apr 29 13:16:11 UTC 2026
Cache sync 20 at Wed Apr 29 13:16:11 UTC 2026
Cache sync 21 at Wed Apr 29 13:16:11 UTC 2026
Cache sync 22 at Wed Apr 29 13:16:11 UTC 2026
Cache sync 23 at Wed Apr 29 13:16:11 UTC 2026
Cache sync 24 at Wed Apr 29 13:16:11 UTC 2026
Cache sync 25 at Wed Apr 29 13:16:11 UTC 2026
Cache sync 26 at Wed Apr 29 13:16:11 UTC 2026
Cache sync 27 at Wed Apr 29 13:16:11 UTC 2026
Cache sync 28 at Wed Apr 29 13:16:11 UTC 2026
Cache sync 29 at Wed Apr 29 13:16:11 UTC 2026
Cache sync 30 at Wed Apr 29 13:16:11 UTC 2026
Cache sync 31 at Wed Apr 29 13:16:11 UTC 2026
Cache sync 32 at Wed Apr 29 13:16:11 UTC 2026
Cache sync 33 at Wed Apr 29 13:16:11 UTC 2026
Cache sync 34 at Wed Apr 29 13:16:11 UTC 2026
Cache sync 35 at Wed Apr 29 13:16:11 UTC 2026
Cache sync 36 at Wed Apr 29 13:16:11 UTC 2026
Cache sync 37 at Wed Apr 29 13:16:11 UTC 2026
Cache sync 38 at Wed Apr 29 13:16:11 UTC 2026
Cache sync 39 at Wed Apr 29 13:16:11 UTC 2026
Cache sync 40 at Wed Apr 29 13:16:11 UTC 2026
Cache sync 41 at Wed Apr 29 13:16:11 UTC 2026
Cache sync 42 at Wed Apr 29 13:16:11 UTC 2026
Cache sync 43 at Wed Apr 29 13:16:11 UTC 2026
Cache sync 44 at Wed Apr 29 13:16:11 UTC 2026
Cache sync 45 at Wed Apr 29 13:16:11 UTC 2026
Cache sync 46 at Wed Apr 29 13:16:11 UTC 2026
Cache sync 47 at Wed Apr 29 13:16:11 UTC 2026
Cache sync 1 at Wed Apr 29 16:22:39 UTC 2026
Cache sync 2 at Wed Apr 29 16:22:39 UTC 2026
Cache sync 3 at Wed Apr 29 16:22:39 UTC 2026
Cache sync 4 at Wed Apr 29 16:22:39 UTC 2026
Cache sync 5 at Wed Apr 29 16:22:39 UTC 2026
Cache sync 6 at Wed Apr 29 16:22:39 UTC 2026
Cache sync 7 at Wed Apr 29 16:22:39 UTC 2026
Cache sync 8 at Wed Apr 29 16:22:39 UTC 2026
Cache sync 9 at Wed Apr 29 16:22:39 UTC 2026
Cache sync 10 at Wed Apr 29 16:22:39 UTC 2026
Cache sync 11 at Wed Apr 29 16:22:39 UTC 2026
Cache sync 12 at Wed Apr 29 16:22:40 UTC 2026
Cache sync 13 at Wed Apr 29 16:22:40 UTC 2026
Cache sync 14 at Wed Apr 29 16:22:40 UTC 2026
Cache sync 15 at Wed Apr 29 16:22:40 UTC 2026
Cache sync 16 at Wed Apr 29 16:22:40 UTC 2026
Cache sync 17 at Wed Apr 29 16:22:40 UTC 2026
Cache sync 18 at Wed Apr 29 16:22:40 UTC 2026
Cache sync 19 at Wed Apr 29 16:22:40 UTC 2026
Cache sync 20 at Wed Apr 29 16:22:40 UTC 2026
Cache sync 21 at Wed Apr 29 16:22:40 UTC 2026
Cache sync 22 at Wed Apr 29 16:22:40 UTC 2026
Cache sync 23 at Wed Apr 29 16:22:40 UTC 2026
Cache sync 24 at Wed Apr 29 16:22:40 UTC 2026
Cache sync 25 at Wed Apr 29 16:22:40 UTC 2026
Cache sync 26 at Wed Apr 29 16:22:40 UTC 2026
Cache sync 27 at Wed Apr 29 16:22:40 UTC 2026
Cache sync 28 at Wed Apr 29 16:22:40 UTC 2026
Cache sync 29 at Wed Apr 29 16:22:40 UTC 2026
Cache sync 30 at Wed Apr 29 16:22:40 UTC 2026
Cache sync 31 at Wed Apr 29 16:22:40 UTC 2026
Cache sync 1 at Wed Apr 29 19:04:14 UTC 2026
Cache sync 2 at Wed Apr 29 19:04:14 UTC 2026
Cache sync 3 at Wed Apr 29 19:04:14 UTC 2026
Cache sync 4 at Wed Apr 29 19:04:14 UTC 2026
Cache sync 5 at Wed Apr 29 19:04:14 UTC 2026
Cache sync 6 at Wed Apr 29 19:04:14 UTC 2026
Cache sync 7 at Wed Apr 29 19:04:14 UTC 2026
Cache sync 8 at Wed Apr 29 19:04:14 UTC 2026
Cache sync 9 at Wed Apr 29 19:04:14 UTC 2026
Cache sync 10 at Wed Apr 29 19:04:14 UTC 2026
Cache sync 11 at Wed Apr 29 19:04:14 UTC 2026
Cache sync 12 at Wed Apr 29 19:04:14 UTC 2026
Cache sync 13 at Wed Apr 29 19:04:14 UTC 2026
Cache sync 14 at Wed Apr 29 19:04:14 UTC 2026
Cache sync 15 at Wed Apr 29 19:04:14 UTC 2026
Cache sync 16 at Wed Apr 29 19:04:14 UTC 2026
Cache sync 17 at Wed Apr 29 19:04:14 UTC 2026
Cache sync 18 at Wed Apr 29 19:04:14 UTC 2026
Cache sync 19 at Wed Apr 29 19:04:14 UTC 2026
Cache sync 20 at Wed Apr 29 19:04:14 UTC 2026
Cache sync 21 at Wed Apr 29 19:04:14 UTC 2026
Cache sync 22 at Wed Apr 29 19:04:14 UTC 2026
Cache sync 23 at Wed Apr 29 19:04:14 UTC 2026
Cache sync 24 at Wed Apr 29 19:04:14 UTC 2026
Cache sync 25 at Wed Apr 29 19:04:14 UTC 2026
Cache sync 26 at Wed Apr 29 19:04:14 UTC 2026
Cache sync 27 at Wed Apr 29 19:04:14 UTC 2026
Cache sync 28 at Wed Apr 29 19:04:14 UTC 2026
Cache sync 29 at Wed Apr 29 19:04:14 UTC 2026
Cache sync 30 at Wed Apr 29 19:04:14 UTC 2026
Cache sync 31 at Wed Apr 29 19:04:14 UTC 2026
Cache sync 32 at Wed Apr 29 19:04:14 UTC 2026
Cache sync 33 at Wed Apr 29 19:04:14 UTC 2026
Cache sync 34 at Wed Apr 29 19:04:14 UTC 2026
Cache sync 35 at Wed Apr 29 19:04:14 UTC 2026
Cache sync 36 at Wed Apr 29 19:04:14 UTC 2026
Cache sync 37 at Wed Apr 29 19:04:14 UTC 2026
Cache sync 38 at Wed Apr 29 19:04:14 UTC 2026
Cache sync 39 at Wed Apr 29 19:04:14 UTC 2026
Cache sync 40 at Wed Apr 29 19:04:14 UTC 2026
Cache sync 41 at Wed Apr 29 19:04:14 UTC 2026
Cache sync 42 at Wed Apr 29 19:04:14 UTC 2026
Cache sync 43 at Wed Apr 29 19:04:14 UTC 2026
Cache sync 44 at Wed Apr 29 19:04:14 UTC 2026
Cache sync 45 at Wed Apr 29 19:04:14 UTC 2026
Cache sync 46 at Wed Apr 29 19:04:14 UTC 2026
Cache sync 47 at Wed Apr 29 19:04:14 UTC 2026
Cache sync 48 at Wed Apr 29 19:04:14 UTC 2026
Cache sync 49 at Wed Apr 29 19:04:15 UTC 2026
Cache sync 50 at Wed Apr 29 19:04:15 UTC 2026
Cache sync 51 at Wed Apr 29 19:04:15 UTC 2026
Cache sync 52 at Wed Apr 29 19:04:15 UTC 2026
Cache sync 53 at Wed Apr 29 19:04:15 UTC 2026
Cache sync 54 at Wed Apr 29 19:04:15 UTC 2026
Cache sync 55 at Wed Apr 29 19:04:15 UTC 2026
Cache sync 56 at Wed Apr 29 19:04:15 UTC 2026
Cache sync 57 at Wed Apr 29 19:04:15 UTC 2026
Cache sync 58 at Wed Apr 29 19:04:15 UTC 2026
Cache sync 59 at Wed Apr 29 19:04:15 UTC 2026
Cache sync 60 at Wed Apr 29 19:04:15 UTC 2026
Cache sync 61 at Wed Apr 29 19:04:15 UTC 2026
Cache sync 62 at Wed Apr 29 19:04:15 UTC 2026
Cache sync 63 at Wed Apr 29 19:04:15 UTC 2026
Cache sync 64 at Wed Apr 29 19:04:15 UTC 2026
Cache sync 65 at Wed Apr 29 19:04:15 UTC 2026
Cache sync 66 at Wed Apr 29 19:04:15 UTC 2026
Cache sync 67 at Wed Apr 29 19:04:15 UTC 2026
Cache sync 1 at Wed Apr 29 21:49:01 UTC 2026
Cache sync 2 at Wed Apr 29 21:49:01 UTC 2026
Cache sync 3 at Wed Apr 29 21:49:01 UTC 2026
Cache sync 4 at Wed Apr 29 21:49:01 UTC 2026
Cache sync 5 at Wed Apr 29 21:49:01 UTC 2026
Cache sync 6 at Wed Apr 29 21:49:01 UTC 2026
Cache sync 7 at Wed Apr 29 21:49:01 UTC 2026
Cache sync 8 at Wed Apr 29 21:49:01 UTC 2026
Cache sync 9 at Wed Apr 29 21:49:01 UTC 2026
Cache sync 10 at Wed Apr 29 21:49:01 UTC 2026
Cache sync 11 at Wed Apr 29 21:49:01 UTC 2026
Cache sync 12 at Wed Apr 29 21:49:01 UTC 2026
Cache sync 13 at Wed Apr 29 21:49:01 UTC 2026
Cache sync 14 at Wed Apr 29 21:49:01 UTC 2026
Cache sync 15 at Wed Apr 29 21:49:01 UTC 2026
Cache sync 16 at Wed Apr 29 21:49:01 UTC 2026
Cache sync 17 at Wed Apr 29 21:49:01 UTC 2026
Cache sync 18 at Wed Apr 29 21:49:01 UTC 2026
Cache sync 19 at Wed Apr 29 21:49:01 UTC 2026
Cache sync 20 at Wed Apr 29 21:49:01 UTC 2026
Cache sync 21 at Wed Apr 29 21:49:01 UTC 2026
Cache sync 22 at Wed Apr 29 21:49:01 UTC 2026
Cache sync 23 at Wed Apr 29 21:49:01 UTC 2026
Cache sync 24 at Wed Apr 29 21:49:01 UTC 2026
Cache sync 25 at Wed Apr 29 21:49:01 UTC 2026
Cache sync 26 at Wed Apr 29 21:49:01 UTC 2026
Cache sync 27 at Wed Apr 29 21:49:01 UTC 2026
Cache sync 28 at Wed Apr 29 21:49:01 UTC 2026
Cache sync 29 at Wed Apr 29 21:49:01 UTC 2026
Cache sync 30 at Wed Apr 29 21:49:01 UTC 2026
Cache sync 31 at Wed Apr 29 21:49:01 UTC 2026
Cache sync 32 at Wed Apr 29 21:49:01 UTC 2026
Cache sync 33 at Wed Apr 29 21:49:01 UTC 2026
Cache sync 34 at Wed Apr 29 21:49:01 UTC 2026
Cache sync 35 at Wed Apr 29 21:49:01 UTC 2026
Cache sync 36 at Wed Apr 29 21:49:01 UTC 2026
Cache sync 37 at Wed Apr 29 21:49:01 UTC 2026
Cache sync 38 at Wed Apr 29 21:49:01 UTC 2026
Cache sync 39 at Wed Apr 29 21:49:01 UTC 2026
Cache sync 40 at Wed Apr 29 21:49:01 UTC 2026
Cache sync 41 at Wed Apr 29 21:49:01 UTC 2026
Cache sync 42 at Wed Apr 29 21:49:01 UTC 2026
Cache sync 43 at Wed Apr 29 21:49:01 UTC 2026
Cache sync 44 at Wed Apr 29 21:49:01 UTC 2026
Cache sync 45 at Wed Apr 29 21:49:01 UTC 2026
Cache sync 46 at Wed Apr 29 21:49:01 UTC 2026
Cache sync 47 at Wed Apr 29 21:49:01 UTC 2026
Cache sync 48 at Wed Apr 29 21:49:01 UTC 2026
Cache sync 49 at Wed Apr 29 21:49:01 UTC 2026
Cache sync 50 at Wed Apr 29 21:49:01 UTC 2026
Cache sync 51 at Wed Apr 29 21:49:01 UTC 2026
Cache sync 52 at Wed Apr 29 21:49:01 UTC 2026
Cache sync 53 at Wed Apr 29 21:49:01 UTC 2026
Cache sync 54 at Wed Apr 29 21:49:01 UTC 2026
Cache sync 1 at Thu Apr 30 01:30:55 UTC 2026
Cache sync 2 at Thu Apr 30 01:30:55 UTC 2026
Cache sync 3 at Thu Apr 30 01:30:55 UTC 2026
Cache sync 4 at Thu Apr 30 01:30:55 UTC 2026
Cache sync 5 at Thu Apr 30 01:30:55 UTC 2026
Cache sync 6 at Thu Apr 30 01:30:55 UTC 2026
Cache sync 7 at Thu Apr 30 01:30:55 UTC 2026
Cache sync 8 at Thu Apr 30 01:30:55 UTC 2026
Cache sync 9 at Thu Apr 30 01:30:55 UTC 2026
Cache sync 10 at Thu Apr 30 01:30:55 UTC 2026
Cache sync 11 at Thu Apr 30 01:30:55 UTC 2026
Cache sync 12 at Thu Apr 30 01:30:55 UTC 2026
Cache sync 13 at Thu Apr 30 01:30:55 UTC 2026
Cache sync 14 at Thu Apr 30 01:30:55 UTC 2026
Cache sync 1 at Thu Apr 30 05:47:50 UTC 2026
Cache sync 2 at Thu Apr 30 05:47:50 UTC 2026
Cache sync 3 at Thu Apr 30 05:47:50 UTC 2026
Cache sync 4 at Thu Apr 30 05:47:50 UTC 2026
Cache sync 5 at Thu Apr 30 05:47:50 UTC 2026
Cache sync 6 at Thu Apr 30 05:47:50 UTC 2026
Cache sync 7 at Thu Apr 30 05:47:50 UTC 2026
Cache sync 8 at Thu Apr 30 05:47:51 UTC 2026
Cache sync 9 at Thu Apr 30 05:47:51 UTC 2026
Cache sync 10 at Thu Apr 30 05:47:51 UTC 2026
Cache sync 11 at Thu Apr 30 05:47:51 UTC 2026
Cache sync 12 at Thu Apr 30 05:47:51 UTC 2026
Cache sync 13 at Thu Apr 30 05:47:51 UTC 2026
Cache sync 14 at Thu Apr 30 05:47:51 UTC 2026
Cache sync 15 at Thu Apr 30 05:47:51 UTC 2026
Cache sync 16 at Thu Apr 30 05:47:51 UTC 2026
Cache sync 17 at Thu Apr 30 05:47:51 UTC 2026
Cache sync 18 at Thu Apr 30 05:47:51 UTC 2026
Cache sync 19 at Thu Apr 30 05:47:51 UTC 2026
Cache sync 20 at Thu Apr 30 05:47:51 UTC 2026
Cache sync 21 at Thu Apr 30 05:47:51 UTC 2026
Cache sync 22 at Thu Apr 30 05:47:51 UTC 2026
Cache sync 23 at Thu Apr 30 05:47:51 UTC 2026
Cache sync 24 at Thu Apr 30 05:47:51 UTC 2026
Cache sync 25 at Thu Apr 30 05:47:51 UTC 2026
Cache sync 26 at Thu Apr 30 05:47:51 UTC 2026
Cache sync 27 at Thu Apr 30 05:47:51 UTC 2026
Cache sync 28 at Thu Apr 30 05:47:51 UTC 2026
Cache sync 29 at Thu Apr 30 05:47:51 UTC 2026
Cache sync 30 at Thu Apr 30 05:47:51 UTC 2026
Cache sync 31 at Thu Apr 30 05:47:51 UTC 2026
Cache sync 32 at Thu Apr 30 05:47:51 UTC 2026
Cache sync 33 at Thu Apr 30 05:47:51 UTC 2026
Cache sync 1 at Thu Apr 30 07:58:10 UTC 2026
Cache sync 2 at Thu Apr 30 07:58:10 UTC 2026
Cache sync 3 at Thu Apr 30 07:58:10 UTC 2026
Cache sync 4 at Thu Apr 30 07:58:10 UTC 2026
Cache sync 5 at Thu Apr 30 07:58:10 UTC 2026
Cache sync 6 at Thu Apr 30 07:58:10 UTC 2026
Cache sync 7 at Thu Apr 30 07:58:10 UTC 2026
Cache sync 8 at Thu Apr 30 07:58:10 UTC 2026
Cache sync 9 at Thu Apr 30 07:58:10 UTC 2026
Cache sync 10 at Thu Apr 30 07:58:10 UTC 2026
Cache sync 11 at Thu Apr 30 07:58:10 UTC 2026
Cache sync 12 at Thu Apr 30 07:58:10 UTC 2026
Cache sync 13 at Thu Apr 30 07:58:10 UTC 2026
Cache sync 14 at Thu Apr 30 07:58:10 UTC 2026
Cache sync 15 at Thu Apr 30 07:58:10 UTC 2026
Cache sync 16 at Thu Apr 30 07:58:10 UTC 2026
Cache sync 17 at Thu Apr 30 07:58:10 UTC 2026
Cache sync 18 at Thu Apr 30 07:58:10 UTC 2026
Cache sync 19 at Thu Apr 30 07:58:11 UTC 2026
Cache sync 20 at Thu Apr 30 07:58:11 UTC 2026
Cache sync 21 at Thu Apr 30 07:58:11 UTC 2026
Cache sync 22 at Thu Apr 30 07:58:11 UTC 2026
Cache sync 23 at Thu Apr 30 07:58:11 UTC 2026
Cache sync 24 at Thu Apr 30 07:58:11 UTC 2026
Cache sync 25 at Thu Apr 30 07:58:11 UTC 2026
Cache sync 26 at Thu Apr 30 07:58:11 UTC 2026
Cache sync 27 at Thu Apr 30 07:58:11 UTC 2026
Cache sync 28 at Thu Apr 30 07:58:11 UTC 2026
Cache sync 29 at Thu Apr 30 07:58:11 UTC 2026
Cache sync 30 at Thu Apr 30 07:58:11 UTC 2026
Cache sync 31 at Thu Apr 30 07:58:11 UTC 2026
Cache sync 32 at Thu Apr 30 07:58:11 UTC 2026
Cache sync 33 at Thu Apr 30 07:58:11 UTC 2026
Cache sync 34 at Thu Apr 30 07:58:11 UTC 2026
Cache sync 35 at Thu Apr 30 07:58:11 UTC 2026
Cache sync 36 at Thu Apr 30 07:58:11 UTC 2026
Cache sync 37 at Thu Apr 30 07:58:11 UTC 2026
Cache sync 38 at Thu Apr 30 07:58:11 UTC 2026
Cache sync 39 at Thu Apr 30 07:58:11 UTC 2026
Cache sync 40 at Thu Apr 30 07:58:11 UTC 2026
Cache sync 41 at Thu Apr 30 07:58:11 UTC 2026
Cache sync 42 at Thu Apr 30 07:58:11 UTC 2026
Cache sync 43 at Thu Apr 30 07:58:11 UTC 2026
Cache sync 44 at Thu Apr 30 07:58:11 UTC 2026
Cache sync 45 at Thu Apr 30 07:58:11 UTC 2026
Cache sync 46 at Thu Apr 30 07:58:11 UTC 2026
Cache sync 47 at Thu Apr 30 07:58:11 UTC 2026
Cache sync 48 at Thu Apr 30 07:58:11 UTC 2026
Cache sync 49 at Thu Apr 30 07:58:11 UTC 2026
Cache sync 50 at Thu Apr 30 07:58:11 UTC 2026
Cache sync 51 at Thu Apr 30 07:58:11 UTC 2026
Cache sync 52 at Thu Apr 30 07:58:11 UTC 2026
Cache sync 53 at Thu Apr 30 07:58:11 UTC 2026
Cache sync 54 at Thu Apr 30 07:58:11 UTC 2026
Cache sync 55 at Thu Apr 30 07:58:11 UTC 2026
Cache sync 56 at Thu Apr 30 07:58:11 UTC 2026
Cache sync 57 at Thu Apr 30 07:58:11 UTC 2026
Cache sync 58 at Thu Apr 30 07:58:11 UTC 2026
Cache sync 1 at Thu Apr 30 10:44:08 UTC 2026
Cache sync 2 at Thu Apr 30 10:44:08 UTC 2026
Cache sync 3 at Thu Apr 30 10:44:08 UTC 2026
Cache sync 4 at Thu Apr 30 10:44:08 UTC 2026
Cache sync 5 at Thu Apr 30 10:44:08 UTC 2026
Cache sync 6 at Thu Apr 30 10:44:08 UTC 2026
Cache sync 7 at Thu Apr 30 10:44:08 UTC 2026
Cache sync 8 at Thu Apr 30 10:44:08 UTC 2026
Cache sync 9 at Thu Apr 30 10:44:08 UTC 2026
Cache sync 10 at Thu Apr 30 10:44:09 UTC 2026
Cache sync 11 at Thu Apr 30 10:44:09 UTC 2026
Cache sync 12 at Thu Apr 30 10:44:09 UTC 2026
Cache sync 13 at Thu Apr 30 10:44:09 UTC 2026
Cache sync 14 at Thu Apr 30 10:44:09 UTC 2026
Cache sync 15 at Thu Apr 30 10:44:09 UTC 2026
Cache sync 16 at Thu Apr 30 10:44:09 UTC 2026
Cache sync 17 at Thu Apr 30 10:44:09 UTC 2026
Cache sync 18 at Thu Apr 30 10:44:09 UTC 2026
Cache sync 19 at Thu Apr 30 10:44:09 UTC 2026
Cache sync 20 at Thu Apr 30 10:44:09 UTC 2026
Cache sync 21 at Thu Apr 30 10:44:09 UTC 2026
Cache sync 22 at Thu Apr 30 10:44:09 UTC 2026
Cache sync 23 at Thu Apr 30 10:44:09 UTC 2026
Cache sync 24 at Thu Apr 30 10:44:09 UTC 2026
Cache sync 25 at Thu Apr 30 10:44:09 UTC 2026
Cache sync 26 at Thu Apr 30 10:44:09 UTC 2026
Cache sync 27 at Thu Apr 30 10:44:09 UTC 2026
Cache sync 28 at Thu Apr 30 10:44:09 UTC 2026
Cache sync 29 at Thu Apr 30 10:44:09 UTC 2026
Cache sync 30 at Thu Apr 30 10:44:09 UTC 2026
Cache sync 31 at Thu Apr 30 10:44:09 UTC 2026
Cache sync 32 at Thu Apr 30 10:44:09 UTC 2026
Cache sync 33 at Thu Apr 30 10:44:09 UTC 2026
Cache sync 34 at Thu Apr 30 10:44:09 UTC 2026
Cache sync 35 at Thu Apr 30 10:44:09 UTC 2026
Cache sync 36 at Thu Apr 30 10:44:09 UTC 2026
Cache sync 37 at Thu Apr 30 10:44:09 UTC 2026
Cache sync 38 at Thu Apr 30 10:44:09 UTC 2026
Cache sync 39 at Thu Apr 30 10:44:09 UTC 2026
Cache sync 40 at Thu Apr 30 10:44:09 UTC 2026
Cache sync 41 at Thu Apr 30 10:44:09 UTC 2026
Cache sync 42 at Thu Apr 30 10:44:09 UTC 2026
Cache sync 43 at Thu Apr 30 10:44:09 UTC 2026
Cache sync 44 at Thu Apr 30 10:44:09 UTC 2026
Cache sync 45 at Thu Apr 30 10:44:09 UTC 2026
Cache sync 46 at Thu Apr 30 10:44:09 UTC 2026
Cache sync 47 at Thu Apr 30 10:44:09 UTC 2026
Cache sync 48 at Thu Apr 30 10:44:09 UTC 2026
Cache sync 49 at Thu Apr 30 10:44:09 UTC 2026
Cache sync 50 at Thu Apr 30 10:44:09 UTC 2026
Cache sync 51 at Thu Apr 30 10:44:09 UTC 2026
Cache sync 52 at Thu Apr 30 10:44:09 UTC 2026
Cache sync 1 at Thu Apr 30 13:15:24 UTC 2026
Cache sync 2 at Thu Apr 30 13:15:24 UTC 2026
Cache sync 3 at Thu Apr 30 13:15:24 UTC 2026
Cache sync 4 at Thu Apr 30 13:15:24 UTC 2026
Cache sync 5 at Thu Apr 30 13:15:24 UTC 2026
Cache sync 6 at Thu Apr 30 13:15:24 UTC 2026
Cache sync 7 at Thu Apr 30 13:15:24 UTC 2026
Cache sync 8 at Thu Apr 30 13:15:24 UTC 2026
Cache sync 9 at Thu Apr 30 13:15:24 UTC 2026
Cache sync 10 at Thu Apr 30 13:15:24 UTC 2026
Cache sync 11 at Thu Apr 30 13:15:24 UTC 2026
Cache sync 12 at Thu Apr 30 13:15:24 UTC 2026
Cache sync 13 at Thu Apr 30 13:15:24 UTC 2026
Cache sync 14 at Thu Apr 30 13:15:24 UTC 2026
Cache sync 15 at Thu Apr 30 13:15:24 UTC 2026
Cache sync 16 at Thu Apr 30 13:15:24 UTC 2026
Cache sync 17 at Thu Apr 30 13:15:24 UTC 2026
Cache sync 18 at Thu Apr 30 13:15:24 UTC 2026
Cache sync 19 at Thu Apr 30 13:15:24 UTC 2026
Cache sync 20 at Thu Apr 30 13:15:24 UTC 2026
Cache sync 21 at Thu Apr 30 13:15:24 UTC 2026
Cache sync 22 at Thu Apr 30 13:15:24 UTC 2026
Cache sync 23 at Thu Apr 30 13:15:24 UTC 2026
Cache sync 24 at Thu Apr 30 13:15:24 UTC 2026
Cache sync 25 at Thu Apr 30 13:15:24 UTC 2026
Cache sync 26 at Thu Apr 30 13:15:24 UTC 2026
Cache sync 27 at Thu Apr 30 13:15:24 UTC 2026
Cache sync 28 at Thu Apr 30 13:15:24 UTC 2026
Cache sync 29 at Thu Apr 30 13:15:24 UTC 2026
Cache sync 30 at Thu Apr 30 13:15:24 UTC 2026
Cache sync 31 at Thu Apr 30 13:15:24 UTC 2026
Cache sync 32 at Thu Apr 30 13:15:24 UTC 2026
Cache sync 1 at Thu Apr 30 16:11:30 UTC 2026
Cache sync 2 at Thu Apr 30 16:11:30 UTC 2026
Cache sync 3 at Thu Apr 30 16:11:30 UTC 2026
Cache sync 4 at Thu Apr 30 16:11:30 UTC 2026
Cache sync 5 at Thu Apr 30 16:11:30 UTC 2026
Cache sync 6 at Thu Apr 30 16:11:30 UTC 2026
Cache sync 7 at Thu Apr 30 16:11:30 UTC 2026
Cache sync 8 at Thu Apr 30 16:11:30 UTC 2026
Cache sync 9 at Thu Apr 30 16:11:30 UTC 2026
Cache sync 10 at Thu Apr 30 16:11:30 UTC 2026
Cache sync 11 at Thu Apr 30 16:11:30 UTC 2026
Cache sync 1 at Thu Apr 30 19:03:04 UTC 2026
Cache sync 2 at Thu Apr 30 19:03:04 UTC 2026
Cache sync 3 at Thu Apr 30 19:03:04 UTC 2026
Cache sync 4 at Thu Apr 30 19:03:04 UTC 2026
Cache sync 5 at Thu Apr 30 19:03:04 UTC 2026
Cache sync 6 at Thu Apr 30 19:03:04 UTC 2026
Cache sync 7 at Thu Apr 30 19:03:04 UTC 2026
Cache sync 8 at Thu Apr 30 19:03:04 UTC 2026
Cache sync 9 at Thu Apr 30 19:03:04 UTC 2026
Cache sync 10 at Thu Apr 30 19:03:04 UTC 2026
Cache sync 11 at Thu Apr 30 19:03:04 UTC 2026
Cache sync 12 at Thu Apr 30 19:03:04 UTC 2026
Cache sync 13 at Thu Apr 30 19:03:04 UTC 2026
Cache sync 14 at Thu Apr 30 19:03:04 UTC 2026
Cache sync 15 at Thu Apr 30 19:03:04 UTC 2026
Cache sync 16 at Thu Apr 30 19:03:04 UTC 2026
Cache sync 17 at Thu Apr 30 19:03:04 UTC 2026
Cache sync 18 at Thu Apr 30 19:03:04 UTC 2026
Cache sync 19 at Thu Apr 30 19:03:04 UTC 2026
Cache sync 20 at Thu Apr 30 19:03:04 UTC 2026
Cache sync 21 at Thu Apr 30 19:03:04 UTC 2026
Cache sync 22 at Thu Apr 30 19:03:04 UTC 2026
Cache sync 23 at Thu Apr 30 19:03:04 UTC 2026
Cache sync 24 at Thu Apr 30 19:03:04 UTC 2026
Cache sync 25 at Thu Apr 30 19:03:04 UTC 2026
Cache sync 26 at Thu Apr 30 19:03:04 UTC 2026
Cache sync 27 at Thu Apr 30 19:03:04 UTC 2026
Cache sync 28 at Thu Apr 30 19:03:04 UTC 2026
Cache sync 29 at Thu Apr 30 19:03:04 UTC 2026
Cache sync 30 at Thu Apr 30 19:03:04 UTC 2026
Cache sync 31 at Thu Apr 30 19:03:04 UTC 2026
Cache sync 32 at Thu Apr 30 19:03:04 UTC 2026
Cache sync 33 at Thu Apr 30 19:03:04 UTC 2026
Cache sync 34 at Thu Apr 30 19:03:04 UTC 2026
Cache sync 35 at Thu Apr 30 19:03:04 UTC 2026
Cache sync 36 at Thu Apr 30 19:03:04 UTC 2026
Cache sync 37 at Thu Apr 30 19:03:04 UTC 2026
Cache sync 38 at Thu Apr 30 19:03:04 UTC 2026
Cache sync 39 at Thu Apr 30 19:03:04 UTC 2026
Cache sync 40 at Thu Apr 30 19:03:04 UTC 2026
Cache sync 41 at Thu Apr 30 19:03:04 UTC 2026
Cache sync 42 at Thu Apr 30 19:03:04 UTC 2026
Cache sync 43 at Thu Apr 30 19:03:04 UTC 2026
Cache sync 44 at Thu Apr 30 19:03:04 UTC 2026
Cache sync 45 at Thu Apr 30 19:03:04 UTC 2026
Cache sync 46 at Thu Apr 30 19:03:04 UTC 2026
Cache sync 47 at Thu Apr 30 19:03:04 UTC 2026
Cache sync 48 at Thu Apr 30 19:03:04 UTC 2026
Cache sync 49 at Thu Apr 30 19:03:04 UTC 2026
Cache sync 50 at Thu Apr 30 19:03:04 UTC 2026
Cache sync 51 at Thu Apr 30 19:03:04 UTC 2026
Cache sync 52 at Thu Apr 30 19:03:04 UTC 2026
Cache sync 53 at Thu Apr 30 19:03:04 UTC 2026
Cache sync 54 at Thu Apr 30 19:03:04 UTC 2026
Cache sync 55 at Thu Apr 30 19:03:04 UTC 2026
Cache sync 56 at Thu Apr 30 19:03:04 UTC 2026
Cache sync 57 at Thu Apr 30 19:03:04 UTC 2026
Cache sync 58 at Thu Apr 30 19:03:04 UTC 2026
Cache sync 59 at Thu Apr 30 19:03:04 UTC 2026
Cache sync 60 at Thu Apr 30 19:03:04 UTC 2026
Cache sync 61 at Thu Apr 30 19:03:04 UTC 2026
Cache sync 62 at Thu Apr 30 19:03:04 UTC 2026
Cache sync 63 at Thu Apr 30 19:03:04 UTC 2026
Cache sync 64 at Thu Apr 30 19:03:04 UTC 2026
Cache sync 65 at Thu Apr 30 19:03:04 UTC 2026
Cache sync 66 at Thu Apr 30 19:03:04 UTC 2026
Cache sync 67 at Thu Apr 30 19:03:04 UTC 2026
Cache sync 68 at Thu Apr 30 19:03:04 UTC 2026
Cache sync 69 at Thu Apr 30 19:03:04 UTC 2026
Cache sync 70 at Thu Apr 30 19:03:04 UTC 2026
Cache sync 71 at Thu Apr 30 19:03:04 UTC 2026
Cache sync 72 at Thu Apr 30 19:03:04 UTC 2026
Cache sync 73 at Thu Apr 30 19:03:04 UTC 2026
Cache sync 74 at Thu Apr 30 19:03:04 UTC 2026
Cache sync 75 at Thu Apr 30 19:03:04 UTC 2026
Cache sync 76 at Thu Apr 30 19:03:04 UTC 2026
Cache sync 77 at Thu Apr 30 19:03:04 UTC 2026
Cache sync 78 at Thu Apr 30 19:03:04 UTC 2026
Cache sync 79 at Thu Apr 30 19:03:05 UTC 2026
Cache sync 80 at Thu Apr 30 19:03:05 UTC 2026
Cache sync 81 at Thu Apr 30 19:03:05 UTC 2026
Cache sync 82 at Thu Apr 30 19:03:05 UTC 2026
Cache sync 83 at Thu Apr 30 19:03:05 UTC 2026
Cache sync 84 at Thu Apr 30 19:03:05 UTC 2026
Cache sync 1 at Thu Apr 30 21:44:11 UTC 2026
Cache sync 2 at Thu Apr 30 21:44:11 UTC 2026
Cache sync 3 at Thu Apr 30 21:44:11 UTC 2026
Cache sync 4 at Thu Apr 30 21:44:11 UTC 2026
Cache sync 5 at Thu Apr 30 21:44:11 UTC 2026
Cache sync 6 at Thu Apr 30 21:44:11 UTC 2026
Cache sync 7 at Thu Apr 30 21:44:11 UTC 2026
Cache sync 8 at Thu Apr 30 21:44:11 UTC 2026
Cache sync 9 at Thu Apr 30 21:44:11 UTC 2026
Cache sync 10 at Thu Apr 30 21:44:11 UTC 2026
Cache sync 11 at Thu Apr 30 21:44:11 UTC 2026
Cache sync 12 at Thu Apr 30 21:44:11 UTC 2026
Cache sync 13 at Thu Apr 30 21:44:11 UTC 2026
Cache sync 14 at Thu Apr 30 21:44:11 UTC 2026
Cache sync 15 at Thu Apr 30 21:44:11 UTC 2026
Cache sync 16 at Thu Apr 30 21:44:11 UTC 2026
Cache sync 17 at Thu Apr 30 21:44:11 UTC 2026
Cache sync 18 at Thu Apr 30 21:44:11 UTC 2026
Cache sync 19 at Thu Apr 30 21:44:11 UTC 2026
Cache sync 20 at Thu Apr 30 21:44:11 UTC 2026
Cache sync 21 at Thu Apr 30 21:44:11 UTC 2026
Cache sync 22 at Thu Apr 30 21:44:11 UTC 2026
Cache sync 23 at Thu Apr 30 21:44:11 UTC 2026
Cache sync 24 at Thu Apr 30 21:44:11 UTC 2026
Cache sync 25 at Thu Apr 30 21:44:11 UTC 2026
Cache sync 1 at Fri May  1 01:47:15 UTC 2026
Cache sync 2 at Fri May  1 01:47:15 UTC 2026
Cache sync 3 at Fri May  1 01:47:15 UTC 2026
Cache sync 4 at Fri May  1 01:47:15 UTC 2026
Cache sync 5 at Fri May  1 01:47:15 UTC 2026
Cache sync 6 at Fri May  1 01:47:15 UTC 2026
Cache sync 7 at Fri May  1 01:47:15 UTC 2026
Cache sync 8 at Fri May  1 01:47:15 UTC 2026
Cache sync 9 at Fri May  1 01:47:15 UTC 2026
Cache sync 10 at Fri May  1 01:47:15 UTC 2026
Cache sync 11 at Fri May  1 01:47:15 UTC 2026
Cache sync 12 at Fri May  1 01:47:15 UTC 2026
Cache sync 13 at Fri May  1 01:47:15 UTC 2026
Cache sync 14 at Fri May  1 01:47:15 UTC 2026
Cache sync 15 at Fri May  1 01:47:15 UTC 2026
Cache sync 16 at Fri May  1 01:47:15 UTC 2026
Cache sync 17 at Fri May  1 01:47:15 UTC 2026
Cache sync 18 at Fri May  1 01:47:15 UTC 2026
Cache sync 19 at Fri May  1 01:47:15 UTC 2026
Cache sync 20 at Fri May  1 01:47:15 UTC 2026
Cache sync 21 at Fri May  1 01:47:15 UTC 2026
Cache sync 22 at Fri May  1 01:47:15 UTC 2026
Cache sync 23 at Fri May  1 01:47:15 UTC 2026
Cache sync 24 at Fri May  1 01:47:16 UTC 2026
Cache sync 25 at Fri May  1 01:47:16 UTC 2026
Cache sync 26 at Fri May  1 01:47:16 UTC 2026
Cache sync 27 at Fri May  1 01:47:16 UTC 2026
Cache sync 28 at Fri May  1 01:47:16 UTC 2026
Cache sync 29 at Fri May  1 01:47:16 UTC 2026
Cache sync 30 at Fri May  1 01:47:16 UTC 2026
Cache sync 31 at Fri May  1 01:47:16 UTC 2026
Cache sync 32 at Fri May  1 01:47:16 UTC 2026
Cache sync 33 at Fri May  1 01:47:16 UTC 2026
Cache sync 34 at Fri May  1 01:47:16 UTC 2026
Cache sync 35 at Fri May  1 01:47:16 UTC 2026
Cache sync 36 at Fri May  1 01:47:16 UTC 2026
Cache sync 37 at Fri May  1 01:47:16 UTC 2026
Cache sync 38 at Fri May  1 01:47:16 UTC 2026
Cache sync 39 at Fri May  1 01:47:16 UTC 2026
Cache sync 40 at Fri May  1 01:47:16 UTC 2026
Cache sync 41 at Fri May  1 01:47:16 UTC 2026
Cache sync 42 at Fri May  1 01:47:16 UTC 2026
Cache sync 43 at Fri May  1 01:47:16 UTC 2026
Cache sync 44 at Fri May  1 01:47:16 UTC 2026
Cache sync 45 at Fri May  1 01:47:16 UTC 2026
Cache sync 46 at Fri May  1 01:47:16 UTC 2026
Cache sync 47 at Fri May  1 01:47:16 UTC 2026
Cache sync 48 at Fri May  1 01:47:16 UTC 2026
Cache sync 49 at Fri May  1 01:47:16 UTC 2026
Cache sync 50 at Fri May  1 01:47:16 UTC 2026
Cache sync 51 at Fri May  1 01:47:16 UTC 2026
Cache sync 52 at Fri May  1 01:47:16 UTC 2026
Cache sync 53 at Fri May  1 01:47:16 UTC 2026
Cache sync 54 at Fri May  1 01:47:16 UTC 2026
Cache sync 55 at Fri May  1 01:47:16 UTC 2026
Cache sync 56 at Fri May  1 01:47:16 UTC 2026
Cache sync 57 at Fri May  1 01:47:16 UTC 2026
Cache sync 58 at Fri May  1 01:47:16 UTC 2026
Cache sync 59 at Fri May  1 01:47:16 UTC 2026
Cache sync 60 at Fri May  1 01:47:16 UTC 2026
Cache sync 61 at Fri May  1 01:47:16 UTC 2026
Cache sync 62 at Fri May  1 01:47:16 UTC 2026
Cache sync 63 at Fri May  1 01:47:16 UTC 2026
Cache sync 64 at Fri May  1 01:47:16 UTC 2026
Cache sync 65 at Fri May  1 01:47:16 UTC 2026
Cache sync 66 at Fri May  1 01:47:16 UTC 2026
Cache sync 67 at Fri May  1 01:47:16 UTC 2026
Cache sync 68 at Fri May  1 01:47:16 UTC 2026
Cache sync 69 at Fri May  1 01:47:16 UTC 2026
Cache sync 70 at Fri May  1 01:47:16 UTC 2026
Cache sync 71 at Fri May  1 01:47:16 UTC 2026
Cache sync 72 at Fri May  1 01:47:16 UTC 2026
Cache sync 73 at Fri May  1 01:47:16 UTC 2026
Cache sync 74 at Fri May  1 01:47:16 UTC 2026
Cache sync 75 at Fri May  1 01:47:16 UTC 2026
Cache sync 1 at Fri May  1 05:57:41 UTC 2026
Cache sync 2 at Fri May  1 05:57:41 UTC 2026
Cache sync 3 at Fri May  1 05:57:41 UTC 2026
Cache sync 4 at Fri May  1 05:57:41 UTC 2026
Cache sync 5 at Fri May  1 05:57:41 UTC 2026
Cache sync 6 at Fri May  1 05:57:41 UTC 2026
Cache sync 7 at Fri May  1 05:57:41 UTC 2026
Cache sync 8 at Fri May  1 05:57:41 UTC 2026
Cache sync 9 at Fri May  1 05:57:41 UTC 2026
Cache sync 10 at Fri May  1 05:57:41 UTC 2026
Cache sync 11 at Fri May  1 05:57:41 UTC 2026
Cache sync 12 at Fri May  1 05:57:41 UTC 2026
Cache sync 13 at Fri May  1 05:57:41 UTC 2026
Cache sync 14 at Fri May  1 05:57:41 UTC 2026
Cache sync 15 at Fri May  1 05:57:41 UTC 2026
Cache sync 16 at Fri May  1 05:57:41 UTC 2026
Cache sync 17 at Fri May  1 05:57:41 UTC 2026
Cache sync 18 at Fri May  1 05:57:41 UTC 2026
Cache sync 19 at Fri May  1 05:57:41 UTC 2026
Cache sync 20 at Fri May  1 05:57:41 UTC 2026
Cache sync 21 at Fri May  1 05:57:41 UTC 2026
Cache sync 22 at Fri May  1 05:57:41 UTC 2026
Cache sync 23 at Fri May  1 05:57:41 UTC 2026
Cache sync 24 at Fri May  1 05:57:41 UTC 2026
Cache sync 25 at Fri May  1 05:57:41 UTC 2026
Cache sync 26 at Fri May  1 05:57:41 UTC 2026
Cache sync 27 at Fri May  1 05:57:41 UTC 2026
Cache sync 28 at Fri May  1 05:57:41 UTC 2026
Cache sync 29 at Fri May  1 05:57:41 UTC 2026
Cache sync 30 at Fri May  1 05:57:41 UTC 2026
Cache sync 31 at Fri May  1 05:57:41 UTC 2026
Cache sync 32 at Fri May  1 05:57:41 UTC 2026
Cache sync 1 at Fri May  1 08:06:23 UTC 2026
Cache sync 2 at Fri May  1 08:06:23 UTC 2026
Cache sync 3 at Fri May  1 08:06:23 UTC 2026
Cache sync 4 at Fri May  1 08:06:23 UTC 2026
Cache sync 5 at Fri May  1 08:06:23 UTC 2026
Cache sync 6 at Fri May  1 08:06:23 UTC 2026
Cache sync 7 at Fri May  1 08:06:23 UTC 2026
Cache sync 8 at Fri May  1 08:06:23 UTC 2026
Cache sync 9 at Fri May  1 08:06:23 UTC 2026
Cache sync 10 at Fri May  1 08:06:23 UTC 2026
Cache sync 11 at Fri May  1 08:06:23 UTC 2026
Cache sync 12 at Fri May  1 08:06:23 UTC 2026
Cache sync 13 at Fri May  1 08:06:23 UTC 2026
Cache sync 14 at Fri May  1 08:06:23 UTC 2026
Cache sync 15 at Fri May  1 08:06:23 UTC 2026
Cache sync 16 at Fri May  1 08:06:23 UTC 2026
Cache sync 17 at Fri May  1 08:06:23 UTC 2026
Cache sync 18 at Fri May  1 08:06:23 UTC 2026
Cache sync 19 at Fri May  1 08:06:23 UTC 2026
Cache sync 20 at Fri May  1 08:06:23 UTC 2026
Cache sync 21 at Fri May  1 08:06:23 UTC 2026
Cache sync 22 at Fri May  1 08:06:23 UTC 2026
Cache sync 23 at Fri May  1 08:06:23 UTC 2026
Cache sync 24 at Fri May  1 08:06:23 UTC 2026
Cache sync 25 at Fri May  1 08:06:23 UTC 2026
Cache sync 26 at Fri May  1 08:06:23 UTC 2026
Cache sync 27 at Fri May  1 08:06:23 UTC 2026
Cache sync 28 at Fri May  1 08:06:23 UTC 2026
Cache sync 29 at Fri May  1 08:06:23 UTC 2026
Cache sync 30 at Fri May  1 08:06:23 UTC 2026
Cache sync 31 at Fri May  1 08:06:23 UTC 2026
Cache sync 32 at Fri May  1 08:06:23 UTC 2026
Cache sync 33 at Fri May  1 08:06:23 UTC 2026
Cache sync 1 at Fri May  1 10:13:31 UTC 2026
Cache sync 2 at Fri May  1 10:13:31 UTC 2026
Cache sync 3 at Fri May  1 10:13:31 UTC 2026
Cache sync 4 at Fri May  1 10:13:31 UTC 2026
Cache sync 5 at Fri May  1 10:13:31 UTC 2026
Cache sync 6 at Fri May  1 10:13:31 UTC 2026
Cache sync 7 at Fri May  1 10:13:31 UTC 2026
Cache sync 8 at Fri May  1 10:13:31 UTC 2026
Cache sync 9 at Fri May  1 10:13:31 UTC 2026
Cache sync 10 at Fri May  1 10:13:31 UTC 2026
Cache sync 11 at Fri May  1 10:13:31 UTC 2026
Cache sync 12 at Fri May  1 10:13:31 UTC 2026
Cache sync 13 at Fri May  1 10:13:31 UTC 2026
Cache sync 14 at Fri May  1 10:13:31 UTC 2026
Cache sync 15 at Fri May  1 10:13:31 UTC 2026
Cache sync 16 at Fri May  1 10:13:31 UTC 2026
Cache sync 17 at Fri May  1 10:13:31 UTC 2026
Cache sync 18 at Fri May  1 10:13:31 UTC 2026
Cache sync 19 at Fri May  1 10:13:31 UTC 2026
Cache sync 20 at Fri May  1 10:13:31 UTC 2026
Cache sync 21 at Fri May  1 10:13:31 UTC 2026
Cache sync 22 at Fri May  1 10:13:31 UTC 2026
Cache sync 23 at Fri May  1 10:13:31 UTC 2026
Cache sync 24 at Fri May  1 10:13:31 UTC 2026
Cache sync 25 at Fri May  1 10:13:31 UTC 2026
Cache sync 26 at Fri May  1 10:13:31 UTC 2026
Cache sync 27 at Fri May  1 10:13:31 UTC 2026
Cache sync 28 at Fri May  1 10:13:31 UTC 2026
Cache sync 29 at Fri May  1 10:13:31 UTC 2026
Cache sync 30 at Fri May  1 10:13:31 UTC 2026
Cache sync 31 at Fri May  1 10:13:31 UTC 2026
Cache sync 32 at Fri May  1 10:13:31 UTC 2026
Cache sync 33 at Fri May  1 10:13:31 UTC 2026
Cache sync 34 at Fri May  1 10:13:31 UTC 2026
Cache sync 35 at Fri May  1 10:13:31 UTC 2026
Cache sync 36 at Fri May  1 10:13:31 UTC 2026
Cache sync 37 at Fri May  1 10:13:31 UTC 2026
Cache sync 38 at Fri May  1 10:13:31 UTC 2026
Cache sync 39 at Fri May  1 10:13:31 UTC 2026
Cache sync 40 at Fri May  1 10:13:31 UTC 2026
Cache sync 41 at Fri May  1 10:13:31 UTC 2026
Cache sync 42 at Fri May  1 10:13:31 UTC 2026
Cache sync 43 at Fri May  1 10:13:31 UTC 2026
Cache sync 44 at Fri May  1 10:13:31 UTC 2026
Cache sync 45 at Fri May  1 10:13:31 UTC 2026
Cache sync 46 at Fri May  1 10:13:31 UTC 2026
Cache sync 47 at Fri May  1 10:13:31 UTC 2026
Cache sync 48 at Fri May  1 10:13:31 UTC 2026
Cache sync 49 at Fri May  1 10:13:31 UTC 2026
Cache sync 50 at Fri May  1 10:13:31 UTC 2026
Cache sync 51 at Fri May  1 10:13:31 UTC 2026
Cache sync 52 at Fri May  1 10:13:31 UTC 2026
Cache sync 53 at Fri May  1 10:13:31 UTC 2026
Cache sync 54 at Fri May  1 10:13:31 UTC 2026
Cache sync 55 at Fri May  1 10:13:31 UTC 2026
Cache sync 56 at Fri May  1 10:13:31 UTC 2026
Cache sync 57 at Fri May  1 10:13:31 UTC 2026
Cache sync 58 at Fri May  1 10:13:31 UTC 2026
Cache sync 59 at Fri May  1 10:13:31 UTC 2026
Cache sync 60 at Fri May  1 10:13:31 UTC 2026
Cache sync 61 at Fri May  1 10:13:31 UTC 2026
Cache sync 62 at Fri May  1 10:13:31 UTC 2026
Cache sync 63 at Fri May  1 10:13:31 UTC 2026
Cache sync 64 at Fri May  1 10:13:31 UTC 2026
Cache sync 1 at Fri May  1 12:49:15 UTC 2026
Cache sync 2 at Fri May  1 12:49:15 UTC 2026
Cache sync 3 at Fri May  1 12:49:15 UTC 2026
Cache sync 4 at Fri May  1 12:49:15 UTC 2026
Cache sync 5 at Fri May  1 12:49:15 UTC 2026
Cache sync 6 at Fri May  1 12:49:16 UTC 2026
Cache sync 7 at Fri May  1 12:49:16 UTC 2026
Cache sync 8 at Fri May  1 12:49:16 UTC 2026
Cache sync 9 at Fri May  1 12:49:16 UTC 2026
Cache sync 10 at Fri May  1 12:49:16 UTC 2026
Cache sync 11 at Fri May  1 12:49:16 UTC 2026
Cache sync 12 at Fri May  1 12:49:16 UTC 2026
Cache sync 13 at Fri May  1 12:49:16 UTC 2026
Cache sync 14 at Fri May  1 12:49:16 UTC 2026
Cache sync 15 at Fri May  1 12:49:16 UTC 2026
Cache sync 16 at Fri May  1 12:49:16 UTC 2026
Cache sync 17 at Fri May  1 12:49:16 UTC 2026
Cache sync 18 at Fri May  1 12:49:16 UTC 2026
Cache sync 19 at Fri May  1 12:49:16 UTC 2026
Cache sync 20 at Fri May  1 12:49:16 UTC 2026
Cache sync 21 at Fri May  1 12:49:16 UTC 2026
Cache sync 22 at Fri May  1 12:49:16 UTC 2026
Cache sync 23 at Fri May  1 12:49:16 UTC 2026
Cache sync 24 at Fri May  1 12:49:16 UTC 2026
Cache sync 25 at Fri May  1 12:49:16 UTC 2026
Cache sync 26 at Fri May  1 12:49:16 UTC 2026
Cache sync 27 at Fri May  1 12:49:16 UTC 2026
Cache sync 28 at Fri May  1 12:49:16 UTC 2026
Cache sync 29 at Fri May  1 12:49:16 UTC 2026
Cache sync 30 at Fri May  1 12:49:16 UTC 2026
Cache sync 31 at Fri May  1 12:49:16 UTC 2026
Cache sync 32 at Fri May  1 12:49:16 UTC 2026
Cache sync 33 at Fri May  1 12:49:16 UTC 2026
Cache sync 34 at Fri May  1 12:49:16 UTC 2026
Cache sync 35 at Fri May  1 12:49:16 UTC 2026
Cache sync 36 at Fri May  1 12:49:16 UTC 2026
Cache sync 37 at Fri May  1 12:49:16 UTC 2026
Cache sync 38 at Fri May  1 12:49:16 UTC 2026
Cache sync 39 at Fri May  1 12:49:16 UTC 2026
Cache sync 40 at Fri May  1 12:49:16 UTC 2026
Cache sync 41 at Fri May  1 12:49:16 UTC 2026
Cache sync 42 at Fri May  1 12:49:16 UTC 2026
Cache sync 43 at Fri May  1 12:49:16 UTC 2026
Cache sync 44 at Fri May  1 12:49:16 UTC 2026
Cache sync 45 at Fri May  1 12:49:16 UTC 2026
Cache sync 46 at Fri May  1 12:49:16 UTC 2026
Cache sync 47 at Fri May  1 12:49:16 UTC 2026
Cache sync 48 at Fri May  1 12:49:16 UTC 2026
Cache sync 49 at Fri May  1 12:49:16 UTC 2026
Cache sync 50 at Fri May  1 12:49:16 UTC 2026
Cache sync 51 at Fri May  1 12:49:16 UTC 2026
Cache sync 52 at Fri May  1 12:49:16 UTC 2026
Cache sync 53 at Fri May  1 12:49:16 UTC 2026
Cache sync 54 at Fri May  1 12:49:16 UTC 2026
Cache sync 55 at Fri May  1 12:49:16 UTC 2026
Cache sync 56 at Fri May  1 12:49:16 UTC 2026
Cache sync 57 at Fri May  1 12:49:16 UTC 2026
Cache sync 58 at Fri May  1 12:49:16 UTC 2026
Cache sync 59 at Fri May  1 12:49:16 UTC 2026
Cache sync 60 at Fri May  1 12:49:16 UTC 2026
Cache sync 61 at Fri May  1 12:49:16 UTC 2026
Cache sync 62 at Fri May  1 12:49:16 UTC 2026
Cache sync 63 at Fri May  1 12:49:16 UTC 2026
Cache sync 64 at Fri May  1 12:49:16 UTC 2026
Cache sync 65 at Fri May  1 12:49:16 UTC 2026
Cache sync 66 at Fri May  1 12:49:16 UTC 2026
Cache sync 67 at Fri May  1 12:49:16 UTC 2026
Cache sync 68 at Fri May  1 12:49:16 UTC 2026
Cache sync 69 at Fri May  1 12:49:16 UTC 2026
Cache sync 70 at Fri May  1 12:49:16 UTC 2026
Cache sync 71 at Fri May  1 12:49:16 UTC 2026
Cache sync 72 at Fri May  1 12:49:16 UTC 2026
Cache sync 73 at Fri May  1 12:49:16 UTC 2026
Cache sync 74 at Fri May  1 12:49:16 UTC 2026
Cache sync 75 at Fri May  1 12:49:16 UTC 2026
Cache sync 76 at Fri May  1 12:49:16 UTC 2026
Cache sync 77 at Fri May  1 12:49:16 UTC 2026
Cache sync 78 at Fri May  1 12:49:16 UTC 2026
Cache sync 79 at Fri May  1 12:49:16 UTC 2026
Cache sync 1 at Fri May  1 15:43:17 UTC 2026
Cache sync 2 at Fri May  1 15:43:17 UTC 2026
Cache sync 3 at Fri May  1 15:43:17 UTC 2026
Cache sync 4 at Fri May  1 15:43:17 UTC 2026
Cache sync 5 at Fri May  1 15:43:17 UTC 2026
Cache sync 6 at Fri May  1 15:43:17 UTC 2026
Cache sync 7 at Fri May  1 15:43:17 UTC 2026
Cache sync 8 at Fri May  1 15:43:17 UTC 2026
Cache sync 9 at Fri May  1 15:43:17 UTC 2026
Cache sync 10 at Fri May  1 15:43:17 UTC 2026
Cache sync 1 at Fri May  1 18:53:11 UTC 2026
Cache sync 2 at Fri May  1 18:53:11 UTC 2026
Cache sync 3 at Fri May  1 18:53:11 UTC 2026
Cache sync 4 at Fri May  1 18:53:11 UTC 2026
Cache sync 5 at Fri May  1 18:53:11 UTC 2026
Cache sync 6 at Fri May  1 18:53:11 UTC 2026
Cache sync 7 at Fri May  1 18:53:11 UTC 2026
Cache sync 8 at Fri May  1 18:53:11 UTC 2026
Cache sync 9 at Fri May  1 18:53:11 UTC 2026
Cache sync 10 at Fri May  1 18:53:11 UTC 2026
Cache sync 11 at Fri May  1 18:53:11 UTC 2026
Cache sync 12 at Fri May  1 18:53:11 UTC 2026
Cache sync 13 at Fri May  1 18:53:11 UTC 2026
Cache sync 14 at Fri May  1 18:53:11 UTC 2026
Cache sync 15 at Fri May  1 18:53:11 UTC 2026
Cache sync 16 at Fri May  1 18:53:11 UTC 2026
Cache sync 17 at Fri May  1 18:53:11 UTC 2026
Cache sync 1 at Fri May  1 21:41:05 UTC 2026
Cache sync 2 at Fri May  1 21:41:05 UTC 2026
Cache sync 3 at Fri May  1 21:41:05 UTC 2026
Cache sync 4 at Fri May  1 21:41:05 UTC 2026
Cache sync 5 at Fri May  1 21:41:05 UTC 2026
Cache sync 6 at Fri May  1 21:41:05 UTC 2026
Cache sync 7 at Fri May  1 21:41:05 UTC 2026
Cache sync 8 at Fri May  1 21:41:05 UTC 2026
Cache sync 9 at Fri May  1 21:41:05 UTC 2026
Cache sync 10 at Fri May  1 21:41:05 UTC 2026
Cache sync 11 at Fri May  1 21:41:05 UTC 2026
Cache sync 12 at Fri May  1 21:41:05 UTC 2026
Cache sync 13 at Fri May  1 21:41:05 UTC 2026
Cache sync 14 at Fri May  1 21:41:05 UTC 2026
Cache sync 15 at Fri May  1 21:41:05 UTC 2026
Cache sync 16 at Fri May  1 21:41:05 UTC 2026
Cache sync 17 at Fri May  1 21:41:05 UTC 2026
Cache sync 18 at Fri May  1 21:41:05 UTC 2026
Cache sync 19 at Fri May  1 21:41:05 UTC 2026
Cache sync 20 at Fri May  1 21:41:05 UTC 2026
Cache sync 21 at Fri May  1 21:41:05 UTC 2026
Cache sync 22 at Fri May  1 21:41:05 UTC 2026
Cache sync 23 at Fri May  1 21:41:05 UTC 2026
Cache sync 24 at Fri May  1 21:41:05 UTC 2026
Cache sync 25 at Fri May  1 21:41:05 UTC 2026
Cache sync 26 at Fri May  1 21:41:05 UTC 2026
Cache sync 27 at Fri May  1 21:41:05 UTC 2026
Cache sync 28 at Fri May  1 21:41:05 UTC 2026
Cache sync 29 at Fri May  1 21:41:05 UTC 2026
Cache sync 30 at Fri May  1 21:41:05 UTC 2026
Cache sync 31 at Fri May  1 21:41:05 UTC 2026
Cache sync 32 at Fri May  1 21:41:05 UTC 2026
Cache sync 33 at Fri May  1 21:41:05 UTC 2026
Cache sync 34 at Fri May  1 21:41:05 UTC 2026
Cache sync 35 at Fri May  1 21:41:05 UTC 2026
Cache sync 36 at Fri May  1 21:41:05 UTC 2026
Cache sync 37 at Fri May  1 21:41:05 UTC 2026
Cache sync 38 at Fri May  1 21:41:05 UTC 2026
Cache sync 39 at Fri May  1 21:41:05 UTC 2026
Cache sync 40 at Fri May  1 21:41:05 UTC 2026
Cache sync 41 at Fri May  1 21:41:05 UTC 2026
Cache sync 1 at Sat May  2 01:24:40 UTC 2026
Cache sync 2 at Sat May  2 01:24:40 UTC 2026
Cache sync 3 at Sat May  2 01:24:40 UTC 2026
Cache sync 4 at Sat May  2 01:24:40 UTC 2026
Cache sync 5 at Sat May  2 01:24:40 UTC 2026
Cache sync 6 at Sat May  2 01:24:40 UTC 2026
Cache sync 7 at Sat May  2 01:24:40 UTC 2026
Cache sync 8 at Sat May  2 01:24:40 UTC 2026
Cache sync 9 at Sat May  2 01:24:40 UTC 2026
Cache sync 10 at Sat May  2 01:24:40 UTC 2026
Cache sync 11 at Sat May  2 01:24:40 UTC 2026
Cache sync 12 at Sat May  2 01:24:40 UTC 2026
Cache sync 13 at Sat May  2 01:24:40 UTC 2026
Cache sync 14 at Sat May  2 01:24:40 UTC 2026
Cache sync 15 at Sat May  2 01:24:40 UTC 2026
Cache sync 16 at Sat May  2 01:24:40 UTC 2026
Cache sync 17 at Sat May  2 01:24:40 UTC 2026
